ARM Linker, 5.03 [Build 24] [MDK-ARM Standard]

==============================================================================

Section Cross References

    main.o(.text) refers to led.o(.text) for LED_Init
    main.o(.text) refers to key.o(.text) for KEY_Init
    main.o(.text) refers to delay.o(.text) for SysTick_Init
    main.o(.text) refers to usart.o(.text) for USART1_Int
    main.o(.text) refers to lcd.o(.text) for LCD_Init
    main.o(.text) refers to printf5.o(i.__0printf$5) for __2printf
    main.o(.text) refers to 24l01.o(.text) for NRF24L01_Init
    main.o(.text) refers to stm32f10x_gpio.o(.text) for GPIO_ReadOutputDataBit
    main.o(.text) refers to lcd.o(.data) for POINT_COLOR
    stm32f10x_it.o(.text) refers to delay.o(.text) for TimingDelay_Decrement
    stm32f10x_adc.o(.text) refers to stm32f10x_rcc.o(.text) for RCC_APB2PeriphResetCmd
    stm32f10x_bkp.o(.text) refers to stm32f10x_rcc.o(.text) for RCC_BackupResetCmd
    stm32f10x_can.o(.text) refers to stm32f10x_rcc.o(.text) for RCC_APB1PeriphResetCmd
    stm32f10x_cec.o(.text) refers to stm32f10x_rcc.o(.text) for RCC_APB1PeriphResetCmd
    stm32f10x_dac.o(.text) refers to stm32f10x_rcc.o(.text) for RCC_APB1PeriphResetCmd
    stm32f10x_gpio.o(.text) refers to stm32f10x_rcc.o(.text) for RCC_APB2PeriphResetCmd
    stm32f10x_i2c.o(.text) refers to stm32f10x_rcc.o(.text) for RCC_APB1PeriphResetCmd
    stm32f10x_pwr.o(.text) refers to stm32f10x_rcc.o(.text) for RCC_APB1PeriphResetCmd
    stm32f10x_rcc.o(.text) refers to stm32f10x_rcc.o(.data) for .data
    stm32f10x_spi.o(.text) refers to stm32f10x_rcc.o(.text) for RCC_APB2PeriphResetCmd
    stm32f10x_tim.o(.text) refers to stm32f10x_rcc.o(.text) for RCC_APB1PeriphResetCmd
    stm32f10x_usart.o(.text) refers to stm32f10x_rcc.o(.text) for RCC_APB2PeriphResetCmd
    stm32f10x_wwdg.o(.text) refers to stm32f10x_rcc.o(.text) for RCC_APB1PeriphResetCmd
    system_stm32f10x.o(.text) refers to system_stm32f10x.o(.data) for .data
    startup_stm32f10x_hd.o(RESET) refers to startup_stm32f10x_hd.o(STACK) for __initial_sp
    startup_stm32f10x_hd.o(RESET) refers to startup_stm32f10x_hd.o(.text) for Reset_Handler
    startup_stm32f10x_hd.o(RESET) refers to stm32f10x_it.o(.text) for NMI_Handler
    startup_stm32f10x_hd.o(RESET) refers to remote.o(.text) for TIM4_IRQHandler
    startup_stm32f10x_hd.o(.text) refers to system_stm32f10x.o(.text) for SystemInit
    startup_stm32f10x_hd.o(.text) refers to entry.o(.ARM.Collect$$$$00000000) for __main
    led.o(.text) refers to stm32f10x_rcc.o(.text) for RCC_APB2PeriphClockCmd
    led.o(.text) refers to stm32f10x_gpio.o(.text) for GPIO_Init
    delay.o(.text) refers to system_stm32f10x.o(.data) for SystemCoreClock
    delay.o(.text) refers to delay.o(.data) for .data
    key.o(.text) refers to stm32f10x_rcc.o(.text) for RCC_APB2PeriphClockCmd
    key.o(.text) refers to stm32f10x_gpio.o(.text) for GPIO_Init
    key.o(.text) refers to delay.o(.text) for Delay_us
    key.o(.text) refers to key.o(.data) for .data
    timer.o(.text) refers to stm32f10x_rcc.o(.text) for RCC_APB1PeriphClockCmd
    timer.o(.text) refers to stm32f10x_tim.o(.text) for TIM_TimeBaseInit
    timer.o(.text) refers to misc.o(.text) for NVIC_Init
    beep.o(.text) refers to stm32f10x_rcc.o(.text) for RCC_APB2PeriphClockCmd
    beep.o(.text) refers to stm32f10x_gpio.o(.text) for GPIO_Init
    usart.o(.text) refers to stm32f10x_rcc.o(.text) for RCC_APB2PeriphClockCmd
    usart.o(.text) refers to stm32f10x_usart.o(.text) for USART_DeInit
    usart.o(.text) refers to stm32f10x_gpio.o(.text) for GPIO_Init
    adc.o(.text) refers to stm32f10x_rcc.o(.text) for RCC_AHBPeriphClockCmd
    adc.o(.text) refers to stm32f10x_gpio.o(.text) for GPIO_Init
    adc.o(.text) refers to stm32f10x_dma.o(.text) for DMA_DeInit
    adc.o(.text) refers to stm32f10x_adc.o(.text) for ADC_Init
    adc.o(.text) refers to adc.o(.data) for .data
    lcd.o(.text) refers to delay.o(.text) for Delay_us
    lcd.o(.text) refers to lcd.o(.bss) for .bss
    lcd.o(.text) refers to lcd.o(.data) for .data
    lcd.o(.text) refers to stm32f10x_rcc.o(.text) for RCC_AHBPeriphClockCmd
    lcd.o(.text) refers to stm32f10x_gpio.o(.text) for GPIO_Init
    lcd.o(.text) refers to stm32f10x_fsmc.o(.text) for FSMC_NORSRAMInit
    lcd.o(.text) refers to printf5.o(i.__0printf$5) for __2printf
    lcd.o(.text) refers to lcd.o(.constdata) for .constdata
    24cxx.o(.text) refers to myiic.o(.text) for IIC_Init
    24cxx.o(.text) refers to delay.o(.text) for Delay_us
    myiic.o(.text) refers to stm32f10x_rcc.o(.text) for RCC_APB2PeriphClockCmd
    myiic.o(.text) refers to stm32f10x_gpio.o(.text) for GPIO_Init
    myiic.o(.text) refers to delay.o(.text) for Delay_us
    flash.o(.text) refers to stm32f10x_gpio.o(.text) for GPIO_ResetBits
    flash.o(.text) refers to spi.o(.text) for SPI2_ReadWriteByte
    flash.o(.text) refers to stm32f10x_rcc.o(.text) for RCC_APB2PeriphClockCmd
    flash.o(.text) refers to delay.o(.text) for Delay_us
    flash.o(.text) refers to flash.o(.data) for .data
    flash.o(.text) refers to flash.o(.bss) for .bss
    spi.o(.text) refers to stm32f10x_spi.o(.text) for SPI_I2S_GetFlagStatus
    spi.o(.text) refers to stm32f10x_rcc.o(.text) for RCC_APB2PeriphClockCmd
    spi.o(.text) refers to stm32f10x_gpio.o(.text) for GPIO_Init
    can.o(.text) refers to stm32f10x_rcc.o(.text) for RCC_APB2PeriphClockCmd
    can.o(.text) refers to stm32f10x_gpio.o(.text) for GPIO_Init
    can.o(.text) refers to stm32f10x_can.o(.text) for CAN_Init
    remote.o(.text) refers to stm32f10x_rcc.o(.text) for RCC_APB2PeriphClockCmd
    remote.o(.text) refers to stm32f10x_gpio.o(.text) for GPIO_Init
    remote.o(.text) refers to stm32f10x_tim.o(.text) for TIM_TimeBaseInit
    remote.o(.text) refers to misc.o(.text) for NVIC_Init
    remote.o(.text) refers to remote.o(.data) for .data
    ds18b20.o(.text) refers to stm32f10x_gpio.o(.text) for GPIO_ResetBits
    ds18b20.o(.text) refers to delay.o(.text) for Delay_us
    ds18b20.o(.text) refers to stm32f10x_rcc.o(.text) for RCC_APB2PeriphClockCmd
    ds18b20.o(.text) refers to dflti.o(.text) for __aeabi_i2d
    ds18b20.o(.text) refers to dmul.o(.text) for __aeabi_dmul
    ds18b20.o(.text) refers to dfixi.o(.text) for __aeabi_d2iz
    24l01.o(.text) refers to stm32f10x_rcc.o(.text) for RCC_APB2PeriphClockCmd
    24l01.o(.text) refers to stm32f10x_gpio.o(.text) for GPIO_Init
    24l01.o(.text) refers to spi.o(.text) for SPI2_Init
    24l01.o(.text) refers to stm32f10x_spi.o(.text) for SPI_Cmd
    24l01.o(.text) refers to 24l01.o(.constdata) for .constdata
    entry.o(.ARM.Collect$$$$00000000) refers (Special) to entry10a.o(.ARM.Collect$$$$0000000D) for __rt_final_cpp
    entry.o(.ARM.Collect$$$$00000000) refers (Special) to entry11a.o(.ARM.Collect$$$$0000000F) for __rt_final_exit
    entry.o(.ARM.Collect$$$$00000000) refers (Special) to entry7b.o(.ARM.Collect$$$$00000008) for _main_clock
    entry.o(.ARM.Collect$$$$00000000) refers (Special) to entry8b.o(.ARM.Collect$$$$0000000A) for _main_cpp_init
    entry.o(.ARM.Collect$$$$00000000) refers (Special) to entry9a.o(.ARM.Collect$$$$0000000B) for _main_init
    entry.o(.ARM.Collect$$$$00000000) refers (Special) to entry5.o(.ARM.Collect$$$$00000004) for _main_scatterload
    entry.o(.ARM.Collect$$$$00000000) refers (Special) to entry2.o(.ARM.Collect$$$$00000001) for _main_stk
    printfb.o(i.__0fprintf$bare) refers to printfb.o(i._printf_core) for _printf_core
    printfb.o(i.__0fprintf$bare) refers to usart.o(.text) for fputc
    printfb.o(i.__0printf$bare) refers to printfb.o(i._printf_core) for _printf_core
    printfb.o(i.__0printf$bare) refers to usart.o(.text) for fputc
    printfb.o(i.__0printf$bare) refers to stdout.o(.data) for __stdout
    printfb.o(i.__0snprintf$bare) refers to printfb.o(i._printf_core) for _printf_core
    printfb.o(i.__0snprintf$bare) refers to printfb.o(i._snputc) for _snputc
    printfb.o(i.__0sprintf$bare) refers to printfb.o(i._printf_core) for _printf_core
    printfb.o(i.__0sprintf$bare) refers to printfb.o(i._sputc) for _sputc
    printfb.o(i.__0vfprintf$bare) refers to printfb.o(i._printf_core) for _printf_core
    printfb.o(i.__0vfprintf$bare) refers to usart.o(.text) for fputc
    printfb.o(i.__0vprintf$bare) refers to printfb.o(i._printf_core) for _printf_core
    printfb.o(i.__0vprintf$bare) refers to usart.o(.text) for fputc
    printfb.o(i.__0vprintf$bare) refers to stdout.o(.data) for __stdout
    printfb.o(i.__0vsnprintf$bare) refers to printfb.o(i._printf_core) for _printf_core
    printfb.o(i.__0vsnprintf$bare) refers to printfb.o(i._snputc) for _snputc
    printfb.o(i.__0vsprintf$bare) refers to printfb.o(i._printf_core) for _printf_core
    printfb.o(i.__0vsprintf$bare) refers to printfb.o(i._sputc) for _sputc
    printf0.o(i.__0fprintf$0) refers to printf0.o(i._printf_core) for _printf_core
    printf0.o(i.__0fprintf$0) refers to usart.o(.text) for fputc
    printf0.o(i.__0printf$0) refers to printf0.o(i._printf_core) for _printf_core
    printf0.o(i.__0printf$0) refers to usart.o(.text) for fputc
    printf0.o(i.__0printf$0) refers to stdout.o(.data) for __stdout
    printf0.o(i.__0snprintf$0) refers to printf0.o(i._printf_core) for _printf_core
    printf0.o(i.__0snprintf$0) refers to printf0.o(i._snputc) for _snputc
    printf0.o(i.__0sprintf$0) refers to printf0.o(i._printf_core) for _printf_core
    printf0.o(i.__0sprintf$0) refers to printf0.o(i._sputc) for _sputc
    printf0.o(i.__0vfprintf$0) refers to printf0.o(i._printf_core) for _printf_core
    printf0.o(i.__0vfprintf$0) refers to usart.o(.text) for fputc
    printf0.o(i.__0vprintf$0) refers to printf0.o(i._printf_core) for _printf_core
    printf0.o(i.__0vprintf$0) refers to usart.o(.text) for fputc
    printf0.o(i.__0vprintf$0) refers to stdout.o(.data) for __stdout
    printf0.o(i.__0vsnprintf$0) refers to printf0.o(i._printf_core) for _printf_core
    printf0.o(i.__0vsnprintf$0) refers to printf0.o(i._snputc) for _snputc
    printf0.o(i.__0vsprintf$0) refers to printf0.o(i._printf_core) for _printf_core
    printf0.o(i.__0vsprintf$0) refers to printf0.o(i._sputc) for _sputc
    printf1.o(i.__0fprintf$1) refers to printf1.o(i._printf_core) for _printf_core
    printf1.o(i.__0fprintf$1) refers to usart.o(.text) for fputc
    printf1.o(i.__0printf$1) refers to printf1.o(i._printf_core) for _printf_core
    printf1.o(i.__0printf$1) refers to usart.o(.text) for fputc
    printf1.o(i.__0printf$1) refers to stdout.o(.data) for __stdout
    printf1.o(i.__0snprintf$1) refers to printf1.o(i._printf_core) for _printf_core
    printf1.o(i.__0snprintf$1) refers to printf1.o(i._snputc) for _snputc
    printf1.o(i.__0sprintf$1) refers to printf1.o(i._printf_core) for _printf_core
    printf1.o(i.__0sprintf$1) refers to printf1.o(i._sputc) for _sputc
    printf1.o(i.__0vfprintf$1) refers to printf1.o(i._printf_core) for _printf_core
    printf1.o(i.__0vfprintf$1) refers to usart.o(.text) for fputc
    printf1.o(i.__0vprintf$1) refers to printf1.o(i._printf_core) for _printf_core
    printf1.o(i.__0vprintf$1) refers to usart.o(.text) for fputc
    printf1.o(i.__0vprintf$1) refers to stdout.o(.data) for __stdout
    printf1.o(i.__0vsnprintf$1) refers to printf1.o(i._printf_core) for _printf_core
    printf1.o(i.__0vsnprintf$1) refers to printf1.o(i._snputc) for _snputc
    printf1.o(i.__0vsprintf$1) refers to printf1.o(i._printf_core) for _printf_core
    printf1.o(i.__0vsprintf$1) refers to printf1.o(i._sputc) for _sputc
    printf1.o(i._printf_core) refers to uidiv.o(.text) for __aeabi_uidivmod
    printf2.o(i.__0fprintf$2) refers to printf2.o(i._printf_core) for _printf_core
    printf2.o(i.__0fprintf$2) refers to usart.o(.text) for fputc
    printf2.o(i.__0printf$2) refers to printf2.o(i._printf_core) for _printf_core
    printf2.o(i.__0printf$2) refers to usart.o(.text) for fputc
    printf2.o(i.__0printf$2) refers to stdout.o(.data) for __stdout
    printf2.o(i.__0snprintf$2) refers to printf2.o(i._printf_core) for _printf_core
    printf2.o(i.__0snprintf$2) refers to printf2.o(i._snputc) for _snputc
    printf2.o(i.__0sprintf$2) refers to printf2.o(i._printf_core) for _printf_core
    printf2.o(i.__0sprintf$2) refers to printf2.o(i._sputc) for _sputc
    printf2.o(i.__0vfprintf$2) refers to printf2.o(i._printf_core) for _printf_core
    printf2.o(i.__0vfprintf$2) refers to usart.o(.text) for fputc
    printf2.o(i.__0vprintf$2) refers to printf2.o(i._printf_core) for _printf_core
    printf2.o(i.__0vprintf$2) refers to usart.o(.text) for fputc
    printf2.o(i.__0vprintf$2) refers to stdout.o(.data) for __stdout
    printf2.o(i.__0vsnprintf$2) refers to printf2.o(i._printf_core) for _printf_core
    printf2.o(i.__0vsnprintf$2) refers to printf2.o(i._snputc) for _snputc
    printf2.o(i.__0vsprintf$2) refers to printf2.o(i._printf_core) for _printf_core
    printf2.o(i.__0vsprintf$2) refers to printf2.o(i._sputc) for _sputc
    printf3.o(i.__0fprintf$3) refers to printf3.o(i._printf_core) for _printf_core
    printf3.o(i.__0fprintf$3) refers to usart.o(.text) for fputc
    printf3.o(i.__0printf$3) refers to printf3.o(i._printf_core) for _printf_core
    printf3.o(i.__0printf$3) refers to usart.o(.text) for fputc
    printf3.o(i.__0printf$3) refers to stdout.o(.data) for __stdout
    printf3.o(i.__0snprintf$3) refers to printf3.o(i._printf_core) for _printf_core
    printf3.o(i.__0snprintf$3) refers to printf3.o(i._snputc) for _snputc
    printf3.o(i.__0sprintf$3) refers to printf3.o(i._printf_core) for _printf_core
    printf3.o(i.__0sprintf$3) refers to printf3.o(i._sputc) for _sputc
    printf3.o(i.__0vfprintf$3) refers to printf3.o(i._printf_core) for _printf_core
    printf3.o(i.__0vfprintf$3) refers to usart.o(.text) for fputc
    printf3.o(i.__0vprintf$3) refers to printf3.o(i._printf_core) for _printf_core
    printf3.o(i.__0vprintf$3) refers to usart.o(.text) for fputc
    printf3.o(i.__0vprintf$3) refers to stdout.o(.data) for __stdout
    printf3.o(i.__0vsnprintf$3) refers to printf3.o(i._printf_core) for _printf_core
    printf3.o(i.__0vsnprintf$3) refers to printf3.o(i._snputc) for _snputc
    printf3.o(i.__0vsprintf$3) refers to printf3.o(i._printf_core) for _printf_core
    printf3.o(i.__0vsprintf$3) refers to printf3.o(i._sputc) for _sputc
    printf3.o(i._printf_core) refers to uidiv.o(.text) for __aeabi_uidivmod
    printf4.o(i.__0fprintf$4) refers to printf4.o(i._printf_core) for _printf_core
    printf4.o(i.__0fprintf$4) refers to usart.o(.text) for fputc
    printf4.o(i.__0printf$4) refers to printf4.o(i._printf_core) for _printf_core
    printf4.o(i.__0printf$4) refers to usart.o(.text) for fputc
    printf4.o(i.__0printf$4) refers to stdout.o(.data) for __stdout
    printf4.o(i.__0snprintf$4) refers to printf4.o(i._printf_core) for _printf_core
    printf4.o(i.__0snprintf$4) refers to printf4.o(i._snputc) for _snputc
    printf4.o(i.__0sprintf$4) refers to printf4.o(i._printf_core) for _printf_core
    printf4.o(i.__0sprintf$4) refers to printf4.o(i._sputc) for _sputc
    printf4.o(i.__0vfprintf$4) refers to printf4.o(i._printf_core) for _printf_core
    printf4.o(i.__0vfprintf$4) refers to usart.o(.text) for fputc
    printf4.o(i.__0vprintf$4) refers to printf4.o(i._printf_core) for _printf_core
    printf4.o(i.__0vprintf$4) refers to usart.o(.text) for fputc
    printf4.o(i.__0vprintf$4) refers to stdout.o(.data) for __stdout
    printf4.o(i.__0vsnprintf$4) refers to printf4.o(i._printf_core) for _printf_core
    printf4.o(i.__0vsnprintf$4) refers to printf4.o(i._snputc) for _snputc
    printf4.o(i.__0vsprintf$4) refers to printf4.o(i._printf_core) for _printf_core
    printf4.o(i.__0vsprintf$4) refers to printf4.o(i._sputc) for _sputc
    printf4.o(i._printf_core) refers to uldiv.o(.text) for __aeabi_uldivmod
    printf5.o(i.__0fprintf$5) refers to printf5.o(i._printf_core) for _printf_core
    printf5.o(i.__0fprintf$5) refers to usart.o(.text) for fputc
    printf5.o(i.__0printf$5) refers to printf5.o(i._printf_core) for _printf_core
    printf5.o(i.__0printf$5) refers to usart.o(.text) for fputc
    printf5.o(i.__0printf$5) refers to stdout.o(.data) for __stdout
    printf5.o(i.__0snprintf$5) refers to printf5.o(i._printf_core) for _printf_core
    printf5.o(i.__0snprintf$5) refers to printf5.o(i._snputc) for _snputc
    printf5.o(i.__0sprintf$5) refers to printf5.o(i._printf_core) for _printf_core
    printf5.o(i.__0sprintf$5) refers to printf5.o(i._sputc) for _sputc
    printf5.o(i.__0vfprintf$5) refers to printf5.o(i._printf_core) for _printf_core
    printf5.o(i.__0vfprintf$5) refers to usart.o(.text) for fputc
    printf5.o(i.__0vprintf$5) refers to printf5.o(i._printf_core) for _printf_core
    printf5.o(i.__0vprintf$5) refers to usart.o(.text) for fputc
    printf5.o(i.__0vprintf$5) refers to stdout.o(.data) for __stdout
    printf5.o(i.__0vsnprintf$5) refers to printf5.o(i._printf_core) for _printf_core
    printf5.o(i.__0vsnprintf$5) refers to printf5.o(i._snputc) for _snputc
    printf5.o(i.__0vsprintf$5) refers to printf5.o(i._printf_core) for _printf_core
    printf5.o(i.__0vsprintf$5) refers to printf5.o(i._sputc) for _sputc
    printf5.o(i._printf_core) refers to uldiv.o(.text) for __aeabi_uldivmod
    printf6.o(i.__0fprintf$6) refers to printf6.o(i._printf_core) for _printf_core
    printf6.o(i.__0fprintf$6) refers to usart.o(.text) for fputc
    printf6.o(i.__0printf$6) refers to printf6.o(i._printf_core) for _printf_core
    printf6.o(i.__0printf$6) refers to usart.o(.text) for fputc
    printf6.o(i.__0printf$6) refers to stdout.o(.data) for __stdout
    printf6.o(i.__0snprintf$6) refers to printf6.o(i._printf_core) for _printf_core
    printf6.o(i.__0snprintf$6) refers to printf6.o(i._snputc) for _snputc
    printf6.o(i.__0sprintf$6) refers to printf6.o(i._printf_core) for _printf_core
    printf6.o(i.__0sprintf$6) refers to printf6.o(i._sputc) for _sputc
    printf6.o(i.__0vfprintf$6) refers to printf6.o(i._printf_core) for _printf_core
    printf6.o(i.__0vfprintf$6) refers to usart.o(.text) for fputc
    printf6.o(i.__0vprintf$6) refers to printf6.o(i._printf_core) for _printf_core
    printf6.o(i.__0vprintf$6) refers to usart.o(.text) for fputc
    printf6.o(i.__0vprintf$6) refers to stdout.o(.data) for __stdout
    printf6.o(i.__0vsnprintf$6) refers to printf6.o(i._printf_core) for _printf_core
    printf6.o(i.__0vsnprintf$6) refers to printf6.o(i._snputc) for _snputc
    printf6.o(i.__0vsprintf$6) refers to printf6.o(i._printf_core) for _printf_core
    printf6.o(i.__0vsprintf$6) refers to printf6.o(i._sputc) for _sputc
    printf6.o(i._printf_core) refers to printf6.o(i._printf_pre_padding) for _printf_pre_padding
    printf6.o(i._printf_core) refers to uidiv.o(.text) for __aeabi_uidivmod
    printf6.o(i._printf_core) refers to printf6.o(i._printf_post_padding) for _printf_post_padding
    printf7.o(i.__0fprintf$7) refers to printf7.o(i._printf_core) for _printf_core
    printf7.o(i.__0fprintf$7) refers to usart.o(.text) for fputc
    printf7.o(i.__0printf$7) refers to printf7.o(i._printf_core) for _printf_core
    printf7.o(i.__0printf$7) refers to usart.o(.text) for fputc
    printf7.o(i.__0printf$7) refers to stdout.o(.data) for __stdout
    printf7.o(i.__0snprintf$7) refers to printf7.o(i._printf_core) for _printf_core
    printf7.o(i.__0snprintf$7) refers to printf7.o(i._snputc) for _snputc
    printf7.o(i.__0sprintf$7) refers to printf7.o(i._printf_core) for _printf_core
    printf7.o(i.__0sprintf$7) refers to printf7.o(i._sputc) for _sputc
    printf7.o(i.__0vfprintf$7) refers to printf7.o(i._printf_core) for _printf_core
    printf7.o(i.__0vfprintf$7) refers to usart.o(.text) for fputc
    printf7.o(i.__0vprintf$7) refers to printf7.o(i._printf_core) for _printf_core
    printf7.o(i.__0vprintf$7) refers to usart.o(.text) for fputc
    printf7.o(i.__0vprintf$7) refers to stdout.o(.data) for __stdout
    printf7.o(i.__0vsnprintf$7) refers to printf7.o(i._printf_core) for _printf_core
    printf7.o(i.__0vsnprintf$7) refers to printf7.o(i._snputc) for _snputc
    printf7.o(i.__0vsprintf$7) refers to printf7.o(i._printf_core) for _printf_core
    printf7.o(i.__0vsprintf$7) refers to printf7.o(i._sputc) for _sputc
    printf7.o(i._printf_core) refers to printf7.o(i._printf_pre_padding) for _printf_pre_padding
    printf7.o(i._printf_core) refers to uldiv.o(.text) for __aeabi_uldivmod
    printf7.o(i._printf_core) refers to printf7.o(i._printf_post_padding) for _printf_post_padding
    printf8.o(i.__0fprintf$8) refers to printf8.o(i._printf_core) for _printf_core
    printf8.o(i.__0fprintf$8) refers to usart.o(.text) for fputc
    printf8.o(i.__0printf$8) refers to printf8.o(i._printf_core) for _printf_core
    printf8.o(i.__0printf$8) refers to usart.o(.text) for fputc
    printf8.o(i.__0printf$8) refers to stdout.o(.data) for __stdout
    printf8.o(i.__0snprintf$8) refers to printf8.o(i._printf_core) for _printf_core
    printf8.o(i.__0snprintf$8) refers to printf8.o(i._snputc) for _snputc
    printf8.o(i.__0sprintf$8) refers to printf8.o(i._printf_core) for _printf_core
    printf8.o(i.__0sprintf$8) refers to printf8.o(i._sputc) for _sputc
    printf8.o(i.__0vfprintf$8) refers to printf8.o(i._printf_core) for _printf_core
    printf8.o(i.__0vfprintf$8) refers to usart.o(.text) for fputc
    printf8.o(i.__0vprintf$8) refers to printf8.o(i._printf_core) for _printf_core
    printf8.o(i.__0vprintf$8) refers to usart.o(.text) for fputc
    printf8.o(i.__0vprintf$8) refers to stdout.o(.data) for __stdout
    printf8.o(i.__0vsnprintf$8) refers to printf8.o(i._printf_core) for _printf_core
    printf8.o(i.__0vsnprintf$8) refers to printf8.o(i._snputc) for _snputc
    printf8.o(i.__0vsprintf$8) refers to printf8.o(i._printf_core) for _printf_core
    printf8.o(i.__0vsprintf$8) refers to printf8.o(i._sputc) for _sputc
    printf8.o(i._printf_core) refers to printf8.o(i._printf_pre_padding) for _printf_pre_padding
    printf8.o(i._printf_core) refers to uldiv.o(.text) for __aeabi_uldivmod
    printf8.o(i._printf_core) refers to printf8.o(i._printf_post_padding) for _printf_post_padding
    printfa.o(i.__0fprintf) refers (Special) to iusefp.o(.text) for __I$use$fp
    printfa.o(i.__0fprintf) refers to printfa.o(i._printf_core) for _printf_core
    printfa.o(i.__0fprintf) refers to usart.o(.text) for fputc
    printfa.o(i.__0printf) refers (Special) to iusefp.o(.text) for __I$use$fp
    printfa.o(i.__0printf) refers to printfa.o(i._printf_core) for _printf_core
    printfa.o(i.__0printf) refers to usart.o(.text) for fputc
    printfa.o(i.__0printf) refers to stdout.o(.data) for __stdout
    printfa.o(i.__0snprintf) refers (Special) to iusefp.o(.text) for __I$use$fp
    printfa.o(i.__0snprintf) refers to printfa.o(i._printf_core) for _printf_core
    printfa.o(i.__0snprintf) refers to printfa.o(i._snputc) for _snputc
    printfa.o(i.__0sprintf) refers (Special) to iusefp.o(.text) for __I$use$fp
    printfa.o(i.__0sprintf) refers to printfa.o(i._printf_core) for _printf_core
    printfa.o(i.__0sprintf) refers to printfa.o(i._sputc) for _sputc
    printfa.o(i.__0vfprintf) refers (Special) to iusefp.o(.text) for __I$use$fp
    printfa.o(i.__0vfprintf) refers to printfa.o(i._printf_core) for _printf_core
    printfa.o(i.__0vfprintf) refers to usart.o(.text) for fputc
    printfa.o(i.__0vprintf) refers (Special) to iusefp.o(.text) for __I$use$fp
    printfa.o(i.__0vprintf) refers to printfa.o(i._printf_core) for _printf_core
    printfa.o(i.__0vprintf) refers to usart.o(.text) for fputc
    printfa.o(i.__0vprintf) refers to stdout.o(.data) for __stdout
    printfa.o(i.__0vsnprintf) refers (Special) to iusefp.o(.text) for __I$use$fp
    printfa.o(i.__0vsnprintf) refers to printfa.o(i._printf_core) for _printf_core
    printfa.o(i.__0vsnprintf) refers to printfa.o(i._snputc) for _snputc
    printfa.o(i.__0vsprintf) refers (Special) to iusefp.o(.text) for __I$use$fp
    printfa.o(i.__0vsprintf) refers to printfa.o(i._printf_core) for _printf_core
    printfa.o(i.__0vsprintf) refers to printfa.o(i._sputc) for _sputc
    printfa.o(i._fp_digits) refers (Special) to iusefp.o(.text) for __I$use$fp
    printfa.o(i._fp_digits) refers to dmul.o(.text) for __aeabi_dmul
    printfa.o(i._fp_digits) refers to ddiv.o(.text) for __aeabi_ddiv
    printfa.o(i._fp_digits) refers to cdrcmple.o(.text) for __aeabi_cdrcmple
    printfa.o(i._fp_digits) refers to dadd.o(.text) for __aeabi_dadd
    printfa.o(i._fp_digits) refers to dfixul.o(.text) for __aeabi_d2ulz
    printfa.o(i._fp_digits) refers to uldiv.o(.text) for __aeabi_uldivmod
    printfa.o(i._printf_core) refers (Special) to iusefp.o(.text) for __I$use$fp
    printfa.o(i._printf_core) refers to printfa.o(i._printf_pre_padding) for _printf_pre_padding
    printfa.o(i._printf_core) refers to uldiv.o(.text) for __aeabi_uldivmod
    printfa.o(i._printf_core) refers to printfa.o(i._printf_post_padding) for _printf_post_padding
    printfa.o(i._printf_core) refers to printfa.o(i._fp_digits) for _fp_digits
    printfa.o(i._printf_core) refers to uidiv.o(.text) for __aeabi_uidivmod
    printfa.o(i._printf_post_padding) refers (Special) to iusefp.o(.text) for __I$use$fp
    printfa.o(i._printf_pre_padding) refers (Special) to iusefp.o(.text) for __I$use$fp
    printfa.o(i._snputc) refers (Special) to iusefp.o(.text) for __I$use$fp
    printfa.o(i._sputc) refers (Special) to iusefp.o(.text) for __I$use$fp
    dmul.o(.text) refers (Special) to iusefp.o(.text) for __I$use$fp
    dmul.o(.text) refers to depilogue.o(.text) for _double_epilogue
    dflti.o(.text) refers (Special) to iusefp.o(.text) for __I$use$fp
    dflti.o(.text) refers to depilogue.o(.text) for _double_epilogue
    dfixi.o(.text) refers (Special) to iusefp.o(.text) for __I$use$fp
    dfixi.o(.text) refers to llushr.o(.text) for __aeabi_llsr
    entry2.o(.ARM.Collect$$$$00000001) refers to entry2.o(.ARM.Collect$$$$00002712) for __lit__00000000
    entry2.o(.ARM.Collect$$$$00002712) refers to startup_stm32f10x_hd.o(STACK) for __initial_sp
    entry2.o(__vectab_stack_and_reset_area) refers to startup_stm32f10x_hd.o(STACK) for __initial_sp
    entry2.o(__vectab_stack_and_reset_area) refers to entry.o(.ARM.Collect$$$$00000000) for __main
    entry5.o(.ARM.Collect$$$$00000004) refers to init.o(.text) for __scatterload
    entry9a.o(.ARM.Collect$$$$0000000B) refers to main.o(.text) for main
    entry9b.o(.ARM.Collect$$$$0000000C) refers to main.o(.text) for main
    uldiv.o(.text) refers to llushr.o(.text) for __aeabi_llsr
    uldiv.o(.text) refers to llshl.o(.text) for __aeabi_llsl
    depilogue.o(.text) refers to llshl.o(.text) for __aeabi_llsl
    depilogue.o(.text) refers to llushr.o(.text) for __aeabi_llsr
    dadd.o(.text) refers to llshl.o(.text) for __aeabi_llsl
    dadd.o(.text) refers to llsshr.o(.text) for __aeabi_lasr
    dadd.o(.text) refers to depilogue.o(.text) for _double_epilogue
    ddiv.o(.text) refers to depilogue.o(.text) for _double_round
    dfixul.o(.text) refers to llushr.o(.text) for __aeabi_llsr
    dfixul.o(.text) refers to llshl.o(.text) for __aeabi_llsl
    init.o(.text) refers to entry5.o(.ARM.Collect$$$$00000004) for __main_after_scatterload


==============================================================================

Removing Unused input sections from the image.

    Removing stm32f10x_adc.o(.text), (816 bytes).
    Removing stm32f10x_bkp.o(.text), (152 bytes).
    Removing stm32f10x_can.o(.text), (1760 bytes).
    Removing stm32f10x_cec.o(.text), (252 bytes).
    Removing stm32f10x_crc.o(.text), (64 bytes).
    Removing stm32f10x_dac.o(.text), (252 bytes).
    Removing stm32f10x_dbgmcu.o(.text), (40 bytes).
    Removing stm32f10x_dma.o(.text), (456 bytes).
    Removing stm32f10x_exti.o(.text), (232 bytes).
    Removing stm32f10x_flash.o(.text), (1148 bytes).
    Removing stm32f10x_i2c.o(.text), (804 bytes).
    Removing stm32f10x_iwdg.o(.text), (60 bytes).
    Removing stm32f10x_pwr.o(.text), (172 bytes).
    Removing stm32f10x_rtc.o(.text), (272 bytes).
    Removing stm32f10x_sdio.o(.text), (428 bytes).
    Removing stm32f10x_wwdg.o(.text), (120 bytes).
    Removing core_cm3.o(.emb_text), (32 bytes).
    Removing startup_stm32f10x_hd.o(HEAP), (512 bytes).
    Removing timer.o(.text), (96 bytes).
    Removing beep.o(.text), (44 bytes).
    Removing adc.o(.text), (244 bytes).
    Removing adc.o(.data), (2 bytes).
    Removing 24cxx.o(.text), (324 bytes).
    Removing myiic.o(.text), (684 bytes).
    Removing flash.o(.text), (956 bytes).
    Removing flash.o(.bss), (4096 bytes).
    Removing flash.o(.data), (2 bytes).
    Removing can.o(.text), (348 bytes).
    Removing ds18b20.o(.text), (556 bytes).
    Removing dmul.o(.text), (228 bytes).
    Removing dflti.o(.text), (34 bytes).
    Removing dfixi.o(.text), (62 bytes).
    Removing depilogue.o(.text), (190 bytes).
    Removing dadd.o(.text), (334 bytes).
    Removing ddiv.o(.text), (222 bytes).
    Removing dfixul.o(.text), (48 bytes).
    Removing cdrcmple.o(.text), (40 bytes).

37 unused section(s) (total 16082 bytes) removed from the image.

==============================================================================

Image Symbol Table

    Local Symbols

    Symbol Name                              Value     Ov Type        Size  Object(Section)

    ../clib/microlib/division.c              0x00000000   Number         0  uidiv.o ABSOLUTE
    ../clib/microlib/division.c              0x00000000   Number         0  uldiv.o ABSOLUTE
    ../clib/microlib/init/entry.s            0x00000000   Number         0  entry7a.o ABSOLUTE
    ../clib/microlib/init/entry.s            0x00000000   Number         0  entry10a.o ABSOLUTE
    ../clib/microlib/init/entry.s            0x00000000   Number         0  entry10b.o ABSOLUTE
    ../clib/microlib/init/entry.s            0x00000000   Number         0  entry11a.o ABSOLUTE
    ../clib/microlib/init/entry.s            0x00000000   Number         0  entry11b.o ABSOLUTE
    ../clib/microlib/init/entry.s            0x00000000   Number         0  entry2.o ABSOLUTE
    ../clib/microlib/init/entry.s            0x00000000   Number         0  entry5.o ABSOLUTE
    ../clib/microlib/init/entry.s            0x00000000   Number         0  entry7b.o ABSOLUTE
    ../clib/microlib/init/entry.s            0x00000000   Number         0  entry8a.o ABSOLUTE
    ../clib/microlib/init/entry.s            0x00000000   Number         0  entry8b.o ABSOLUTE
    ../clib/microlib/init/entry.s            0x00000000   Number         0  entry9a.o ABSOLUTE
    ../clib/microlib/init/entry.s            0x00000000   Number         0  entry9b.o ABSOLUTE
    ../clib/microlib/init/entry.s            0x00000000   Number         0  entry.o ABSOLUTE
    ../clib/microlib/longlong.c              0x00000000   Number         0  llsshr.o ABSOLUTE
    ../clib/microlib/longlong.c              0x00000000   Number         0  llushr.o ABSOLUTE
    ../clib/microlib/longlong.c              0x00000000   Number         0  llshl.o ABSOLUTE
    ../clib/microlib/printf/printf.c         0x00000000   Number         0  printf0.o ABSOLUTE
    ../clib/microlib/printf/printf.c         0x00000000   Number         0  printf8.o ABSOLUTE
    ../clib/microlib/printf/printf.c         0x00000000   Number         0  printf7.o ABSOLUTE
    ../clib/microlib/printf/printf.c         0x00000000   Number         0  printf6.o ABSOLUTE
    ../clib/microlib/printf/printf.c         0x00000000   Number         0  printfb.o ABSOLUTE
    ../clib/microlib/printf/printf.c         0x00000000   Number         0  printf4.o ABSOLUTE
    ../clib/microlib/printf/printf.c         0x00000000   Number         0  printf5.o ABSOLUTE
    ../clib/microlib/printf/printf.c         0x00000000   Number         0  printf1.o ABSOLUTE
    ../clib/microlib/printf/printf.c         0x00000000   Number         0  printfa.o ABSOLUTE
    ../clib/microlib/printf/printf.c         0x00000000   Number         0  printf3.o ABSOLUTE
    ../clib/microlib/printf/printf.c         0x00000000   Number         0  printf2.o ABSOLUTE
    ../clib/microlib/printf/stubs.s          0x00000000   Number         0  stubs.o ABSOLUTE
    ../clib/microlib/stdio/streams.c         0x00000000   Number         0  stdout.o ABSOLUTE
    ../clib/microlib/stubs.s                 0x00000000   Number         0  iusefp.o ABSOLUTE
    ../fplib/microlib/fpadd.c                0x00000000   Number         0  dadd.o ABSOLUTE
    ../fplib/microlib/fpdiv.c                0x00000000   Number         0  ddiv.o ABSOLUTE
    ../fplib/microlib/fpepilogue.c           0x00000000   Number         0  depilogue.o ABSOLUTE
    ../fplib/microlib/fpfix.c                0x00000000   Number         0  dfixul.o ABSOLUTE
    ../fplib/microlib/fpfix.c                0x00000000   Number         0  dfixi.o ABSOLUTE
    ../fplib/microlib/fpflt.c                0x00000000   Number         0  dflti.o ABSOLUTE
    ../fplib/microlib/fpmul.c                0x00000000   Number         0  dmul.o ABSOLUTE
    ..\CMSIS\core_cm3.c                      0x00000000   Number         0  core_cm3.o ABSOLUTE
    ..\CMSIS\startup\arm\startup_stm32f10x_hd.s 0x00000000   Number         0  startup_stm32f10x_hd.o ABSOLUTE
    ..\CMSIS\system_stm32f10x.c              0x00000000   Number         0  system_stm32f10x.o ABSOLUTE
    ..\FWLib\src\misc.c                      0x00000000   Number         0  misc.o ABSOLUTE
    ..\FWLib\src\stm32f10x_adc.c             0x00000000   Number         0  stm32f10x_adc.o ABSOLUTE
    ..\FWLib\src\stm32f10x_bkp.c             0x00000000   Number         0  stm32f10x_bkp.o ABSOLUTE
    ..\FWLib\src\stm32f10x_can.c             0x00000000   Number         0  stm32f10x_can.o ABSOLUTE
    ..\FWLib\src\stm32f10x_cec.c             0x00000000   Number         0  stm32f10x_cec.o ABSOLUTE
    ..\FWLib\src\stm32f10x_crc.c             0x00000000   Number         0  stm32f10x_crc.o ABSOLUTE
    ..\FWLib\src\stm32f10x_dac.c             0x00000000   Number         0  stm32f10x_dac.o ABSOLUTE
    ..\FWLib\src\stm32f10x_dbgmcu.c          0x00000000   Number         0  stm32f10x_dbgmcu.o ABSOLUTE
    ..\FWLib\src\stm32f10x_dma.c             0x00000000   Number         0  stm32f10x_dma.o ABSOLUTE
    ..\FWLib\src\stm32f10x_exti.c            0x00000000   Number         0  stm32f10x_exti.o ABSOLUTE
    ..\FWLib\src\stm32f10x_flash.c           0x00000000   Number         0  stm32f10x_flash.o ABSOLUTE
    ..\FWLib\src\stm32f10x_fsmc.c            0x00000000   Number         0  stm32f10x_fsmc.o ABSOLUTE
    ..\FWLib\src\stm32f10x_gpio.c            0x00000000   Number         0  stm32f10x_gpio.o ABSOLUTE
    ..\FWLib\src\stm32f10x_i2c.c             0x00000000   Number         0  stm32f10x_i2c.o ABSOLUTE
    ..\FWLib\src\stm32f10x_iwdg.c            0x00000000   Number         0  stm32f10x_iwdg.o ABSOLUTE
    ..\FWLib\src\stm32f10x_pwr.c             0x00000000   Number         0  stm32f10x_pwr.o ABSOLUTE
    ..\FWLib\src\stm32f10x_rcc.c             0x00000000   Number         0  stm32f10x_rcc.o ABSOLUTE
    ..\FWLib\src\stm32f10x_rtc.c             0x00000000   Number         0  stm32f10x_rtc.o ABSOLUTE
    ..\FWLib\src\stm32f10x_sdio.c            0x00000000   Number         0  stm32f10x_sdio.o ABSOLUTE
    ..\FWLib\src\stm32f10x_spi.c             0x00000000   Number         0  stm32f10x_spi.o ABSOLUTE
    ..\FWLib\src\stm32f10x_tim.c             0x00000000   Number         0  stm32f10x_tim.o ABSOLUTE
    ..\FWLib\src\stm32f10x_usart.c           0x00000000   Number         0  stm32f10x_usart.o ABSOLUTE
    ..\FWLib\src\stm32f10x_wwdg.c            0x00000000   Number         0  stm32f10x_wwdg.o ABSOLUTE
    ..\MY\24cxx\24cxx.c                      0x00000000   Number         0  24cxx.o ABSOLUTE
    ..\MY\LED\led.c                          0x00000000   Number         0  led.o ABSOLUTE
    ..\MY\adc\adc.c                          0x00000000   Number         0  adc.o ABSOLUTE
    ..\MY\beep\beep.c                        0x00000000   Number         0  beep.o ABSOLUTE
    ..\MY\can\can.c                          0x00000000   Number         0  can.o ABSOLUTE
    ..\MY\delay\delay.c                      0x00000000   Number         0  delay.o ABSOLUTE
    ..\MY\ds18b20\ds18b20.c                  0x00000000   Number         0  ds18b20.o ABSOLUTE
    ..\MY\flash\flash.c                      0x00000000   Number         0  flash.o ABSOLUTE
    ..\MY\iic\myiic.c                        0x00000000   Number         0  myiic.o ABSOLUTE
    ..\MY\key\key.c                          0x00000000   Number         0  key.o ABSOLUTE
    ..\MY\nrf24l01\24l01.c                   0x00000000   Number         0  24l01.o ABSOLUTE
    ..\MY\remote\remote.c                    0x00000000   Number         0  remote.o ABSOLUTE
    ..\MY\spi\spi.c                          0x00000000   Number         0  spi.o ABSOLUTE
    ..\MY\tft\lcd.c                          0x00000000   Number         0  lcd.o ABSOLUTE
    ..\MY\timer\timer.c                      0x00000000   Number         0  timer.o ABSOLUTE
    ..\MY\usart\usart.c                      0x00000000   Number         0  usart.o ABSOLUTE
    ..\\CMSIS\\core_cm3.c                    0x00000000   Number         0  core_cm3.o ABSOLUTE
    cdrcmple.s                               0x00000000   Number         0  cdrcmple.o ABSOLUTE
    dc.s                                     0x00000000   Number         0  dc.o ABSOLUTE
    handlers.s                               0x00000000   Number         0  handlers.o ABSOLUTE
    init.s                                   0x00000000   Number         0  init.o ABSOLUTE
    main.c                                   0x00000000   Number         0  main.o ABSOLUTE
    stm32f10x_it.c                           0x00000000   Number         0  stm32f10x_it.o ABSOLUTE
    RESET                                    0x08000000   Section      304  startup_stm32f10x_hd.o(RESET)
    .ARM.Collect$$$$00000000                 0x08000130   Section        0  entry.o(.ARM.Collect$$$$00000000)
    .ARM.Collect$$$$00000001                 0x08000130   Section        4  entry2.o(.ARM.Collect$$$$00000001)
    .ARM.Collect$$$$00000004                 0x08000134   Section        4  entry5.o(.ARM.Collect$$$$00000004)
    .ARM.Collect$$$$00000008                 0x08000138   Section        0  entry7b.o(.ARM.Collect$$$$00000008)
    .ARM.Collect$$$$0000000A                 0x08000138   Section        0  entry8b.o(.ARM.Collect$$$$0000000A)
    .ARM.Collect$$$$0000000B                 0x08000138   Section        8  entry9a.o(.ARM.Collect$$$$0000000B)
    .ARM.Collect$$$$0000000D                 0x08000140   Section        0  entry10a.o(.ARM.Collect$$$$0000000D)
    .ARM.Collect$$$$0000000F                 0x08000140   Section        0  entry11a.o(.ARM.Collect$$$$0000000F)
    .ARM.Collect$$$$00002712                 0x08000140   Section        4  entry2.o(.ARM.Collect$$$$00002712)
    __lit__00000000                          0x08000140   Data           4  entry2.o(.ARM.Collect$$$$00002712)
    .text                                    0x08000144   Section        0  main.o(.text)
    .text                                    0x080004bc   Section        0  stm32f10x_it.o(.text)
    .text                                    0x080004d0   Section        0  misc.o(.text)
    .text                                    0x08000580   Section        0  stm32f10x_fsmc.o(.text)
    .text                                    0x080009e4   Section        0  stm32f10x_gpio.o(.text)
    .text                                    0x08000c48   Section        0  stm32f10x_rcc.o(.text)
    .text                                    0x08000f00   Section        0  stm32f10x_spi.o(.text)
    .text                                    0x08001174   Section        0  stm32f10x_tim.o(.text)
    TI2_Config                               0x08001507   Thumb Code   166  stm32f10x_tim.o(.text)
    TI1_Config                               0x080015bd   Thumb Code    88  stm32f10x_tim.o(.text)
    .text                                    0x08001c68   Section        0  stm32f10x_usart.o(.text)
    .text                                    0x08001f98   Section        0  system_stm32f10x.o(.text)
    SetSysClockTo72                          0x08001f99   Thumb Code   160  system_stm32f10x.o(.text)
    .text                                    0x080020f0   Section       36  startup_stm32f10x_hd.o(.text)
    .text                                    0x08002114   Section        0  led.o(.text)
    .text                                    0x08002154   Section        0  delay.o(.text)
    .text                                    0x080021b4   Section        0  key.o(.text)
    .text                                    0x080022cc   Section        0  usart.o(.text)
    .text                                    0x08002374   Section        0  lcd.o(.text)
    .text                                    0x080051b8   Section        0  spi.o(.text)
    .text                                    0x080052b0   Section        0  remote.o(.text)
    .text                                    0x08005494   Section        0  24l01.o(.text)
    .text                                    0x080057e4   Section        0  uldiv.o(.text)
    .text                                    0x08005846   Section        0  llushr.o(.text)
    .text                                    0x08005868   Section       36  init.o(.text)
    .text                                    0x0800588c   Section        0  llshl.o(.text)
    i.__0printf$5                            0x080058ac   Section        0  printf5.o(i.__0printf$5)
    i.__scatterload_copy                     0x080058cc   Section       14  handlers.o(i.__scatterload_copy)
    i.__scatterload_null                     0x080058da   Section        2  handlers.o(i.__scatterload_null)
    i.__scatterload_zeroinit                 0x080058dc   Section       14  handlers.o(i.__scatterload_zeroinit)
    i._printf_core                           0x080058ec   Section        0  printf5.o(i._printf_core)
    _printf_core                             0x080058ed   Thumb Code   658  printf5.o(i._printf_core)
    .constdata                               0x08005bac   Section     2660  lcd.o(.constdata)
    .constdata                               0x08006610   Section       10  24l01.o(.constdata)
    .data                                    0x20000000   Section       20  stm32f10x_rcc.o(.data)
    ADCPrescTable                            0x20000000   Data           4  stm32f10x_rcc.o(.data)
    APBAHBPrescTable                         0x20000004   Data          16  stm32f10x_rcc.o(.data)
    .data                                    0x20000014   Section       20  system_stm32f10x.o(.data)
    .data                                    0x20000028   Section        4  delay.o(.data)
    TimingDelay                              0x20000028   Data           4  delay.o(.data)
    .data                                    0x2000002c   Section        1  key.o(.data)
    key_up                                   0x2000002c   Data           1  key.o(.data)
    .data                                    0x2000002e   Section        4  lcd.o(.data)
    .data                                    0x20000034   Section        8  remote.o(.data)
    .data                                    0x2000003c   Section        4  stdout.o(.data)
    .bss                                     0x20000040   Section       14  lcd.o(.bss)
    STACK                                    0x20000050   Section     1024  startup_stm32f10x_hd.o(STACK)

    Global Symbols

    Symbol Name                              Value     Ov Type        Size  Object(Section)

    BuildAttributes$$THM_ISAv4$P$D$K$B$S$PE$A:L22UL41UL21$X:L11$S22US41US21$IEEE1$IW$USESV6$~STKCKD$USESV7$~SHL$OSPACE$ROPI$EBA8$MICROLIB$REQ8$PRES8$EABIv2 0x00000000   Number         0  anon$$obj.o ABSOLUTE
    __ARM_use_no_argv                        0x00000000   Number         0  main.o ABSOLUTE
    _printf_a                                0x00000000   Number         0  stubs.o ABSOLUTE
    _printf_c                                0x00000000   Number         0  stubs.o ABSOLUTE
    _printf_charcount                        0x00000000   Number         0  stubs.o ABSOLUTE
    _printf_d                                0x00000000   Number         0  stubs.o ABSOLUTE
    _printf_e                                0x00000000   Number         0  stubs.o ABSOLUTE
    _printf_f                                0x00000000   Number         0  stubs.o ABSOLUTE
    _printf_flags                            0x00000000   Number         0  stubs.o ABSOLUTE
    _printf_fp_dec                           0x00000000   Number         0  stubs.o ABSOLUTE
    _printf_fp_hex                           0x00000000   Number         0  stubs.o ABSOLUTE
    _printf_g                                0x00000000   Number         0  stubs.o ABSOLUTE
    _printf_i                                0x00000000   Number         0  stubs.o ABSOLUTE
    _printf_int_dec                          0x00000000   Number         0  stubs.o ABSOLUTE
    _printf_l                                0x00000000   Number         0  stubs.o ABSOLUTE
    _printf_lc                               0x00000000   Number         0  stubs.o ABSOLUTE
    _printf_ll                               0x00000000   Number         0  stubs.o ABSOLUTE
    _printf_lld                              0x00000000   Number         0  stubs.o ABSOLUTE
    _printf_lli                              0x00000000   Number         0  stubs.o ABSOLUTE
    _printf_llo                              0x00000000   Number         0  stubs.o ABSOLUTE
    _printf_llu                              0x00000000   Number         0  stubs.o ABSOLUTE
    _printf_llx                              0x00000000   Number         0  stubs.o ABSOLUTE
    _printf_longlong_dec                     0x00000000   Number         0  stubs.o ABSOLUTE
    _printf_longlong_hex                     0x00000000   Number         0  stubs.o ABSOLUTE
    _printf_longlong_oct                     0x00000000   Number         0  stubs.o ABSOLUTE
    _printf_ls                               0x00000000   Number         0  stubs.o ABSOLUTE
    _printf_mbtowc                           0x00000000   Number         0  stubs.o ABSOLUTE
    _printf_n                                0x00000000   Number         0  stubs.o ABSOLUTE
    _printf_o                                0x00000000   Number         0  stubs.o ABSOLUTE
    _printf_p                                0x00000000   Number         0  stubs.o ABSOLUTE
    _printf_percent                          0x00000000   Number         0  stubs.o ABSOLUTE
    _printf_pre_padding                      0x00000000   Number         0  stubs.o ABSOLUTE
    _printf_return_value                     0x00000000   Number         0  stubs.o ABSOLUTE
    _printf_s                                0x00000000   Number         0  stubs.o ABSOLUTE
    _printf_sizespec                         0x00000000   Number         0  stubs.o ABSOLUTE
    _printf_str                              0x00000000   Number         0  stubs.o ABSOLUTE
    _printf_truncate_signed                  0x00000000   Number         0  stubs.o ABSOLUTE
    _printf_truncate_unsigned                0x00000000   Number         0  stubs.o ABSOLUTE
    _printf_u                                0x00000000   Number         0  stubs.o ABSOLUTE
    _printf_wc                               0x00000000   Number         0  stubs.o ABSOLUTE
    _printf_wctomb                           0x00000000   Number         0  stubs.o ABSOLUTE
    _printf_widthprec                        0x00000000   Number         0  stubs.o ABSOLUTE
    _printf_x                                0x00000000   Number         0  stubs.o ABSOLUTE
    __cpp_initialize__aeabi_                  - Undefined Weak Reference
    __cxa_finalize                            - Undefined Weak Reference
    __decompress                              - Undefined Weak Reference
    _clock_init                               - Undefined Weak Reference
    _microlib_exit                            - Undefined Weak Reference
    __Vectors_Size                           0x00000130   Number         0  startup_stm32f10x_hd.o ABSOLUTE
    __Vectors                                0x08000000   Data           4  startup_stm32f10x_hd.o(RESET)
    __Vectors_End                            0x08000130   Data           0  startup_stm32f10x_hd.o(RESET)
    __main                                   0x08000131   Thumb Code     0  entry.o(.ARM.Collect$$$$00000000)
    _main_stk                                0x08000131   Thumb Code     0  entry2.o(.ARM.Collect$$$$00000001)
    _main_scatterload                        0x08000135   Thumb Code     0  entry5.o(.ARM.Collect$$$$00000004)
    __main_after_scatterload                 0x08000139   Thumb Code     0  entry5.o(.ARM.Collect$$$$00000004)
    _main_clock                              0x08000139   Thumb Code     0  entry7b.o(.ARM.Collect$$$$00000008)
    _main_cpp_init                           0x08000139   Thumb Code     0  entry8b.o(.ARM.Collect$$$$0000000A)
    _main_init                               0x08000139   Thumb Code     0  entry9a.o(.ARM.Collect$$$$0000000B)
    __rt_final_cpp                           0x08000141   Thumb Code     0  entry10a.o(.ARM.Collect$$$$0000000D)
    __rt_final_exit                          0x08000141   Thumb Code     0  entry11a.o(.ARM.Collect$$$$0000000F)
    main                                     0x08000145   Thumb Code   610  main.o(.text)
    NMI_Handler                              0x080004bd   Thumb Code     2  stm32f10x_it.o(.text)
    HardFault_Handler                        0x080004bf   Thumb Code     2  stm32f10x_it.o(.text)
    MemManage_Handler                        0x080004c1   Thumb Code     2  stm32f10x_it.o(.text)
    BusFault_Handler                         0x080004c3   Thumb Code     2  stm32f10x_it.o(.text)
    UsageFault_Handler                       0x080004c5   Thumb Code     2  stm32f10x_it.o(.text)
    SVC_Handler                              0x080004c7   Thumb Code     2  stm32f10x_it.o(.text)
    DebugMon_Handler                         0x080004c9   Thumb Code     2  stm32f10x_it.o(.text)
    PendSV_Handler                           0x080004cb   Thumb Code     2  stm32f10x_it.o(.text)
    SysTick_Handler                          0x080004cd   Thumb Code     4  stm32f10x_it.o(.text)
    NVIC_PriorityGroupConfig                 0x080004d1   Thumb Code    10  misc.o(.text)
    NVIC_Init                                0x080004db   Thumb Code    90  misc.o(.text)
    NVIC_SetVectorTable                      0x08000535   Thumb Code    14  misc.o(.text)
    NVIC_SystemLPConfig                      0x08000543   Thumb Code    20  misc.o(.text)
    SysTick_CLKSourceConfig                  0x08000557   Thumb Code    24  misc.o(.text)
    FSMC_NORSRAMDeInit                       0x08000581   Thumb Code    36  stm32f10x_fsmc.o(.text)
    FSMC_NANDDeInit                          0x080005a5   Thumb Code    40  stm32f10x_fsmc.o(.text)
    FSMC_PCCARDDeInit                        0x080005cd   Thumb Code    22  stm32f10x_fsmc.o(.text)
    FSMC_NORSRAMInit                         0x080005e3   Thumb Code   192  stm32f10x_fsmc.o(.text)
    FSMC_NANDInit                            0x080006a3   Thumb Code   104  stm32f10x_fsmc.o(.text)
    FSMC_PCCARDInit                          0x0800070b   Thumb Code    98  stm32f10x_fsmc.o(.text)
    FSMC_NORSRAMStructInit                   0x0800076d   Thumb Code    98  stm32f10x_fsmc.o(.text)
    FSMC_NANDStructInit                      0x080007cf   Thumb Code    54  stm32f10x_fsmc.o(.text)
    FSMC_PCCARDStructInit                    0x08000805   Thumb Code    60  stm32f10x_fsmc.o(.text)
    FSMC_NORSRAMCmd                          0x08000841   Thumb Code    28  stm32f10x_fsmc.o(.text)
    FSMC_NANDCmd                             0x0800085d   Thumb Code    54  stm32f10x_fsmc.o(.text)
    FSMC_PCCARDCmd                           0x08000893   Thumb Code    24  stm32f10x_fsmc.o(.text)
    FSMC_NANDECCCmd                          0x080008ab   Thumb Code    54  stm32f10x_fsmc.o(.text)
    FSMC_GetECC                              0x080008e1   Thumb Code    18  stm32f10x_fsmc.o(.text)
    FSMC_ITConfig                            0x080008f3   Thumb Code    68  stm32f10x_fsmc.o(.text)
    FSMC_GetFlagStatus                       0x08000937   Thumb Code    40  stm32f10x_fsmc.o(.text)
    FSMC_ClearFlag                           0x0800095f   Thumb Code    36  stm32f10x_fsmc.o(.text)
    FSMC_GetITStatus                         0x08000983   Thumb Code    56  stm32f10x_fsmc.o(.text)
    FSMC_ClearITPendingBit                   0x080009bb   Thumb Code    40  stm32f10x_fsmc.o(.text)
    GPIO_DeInit                              0x080009e5   Thumb Code   152  stm32f10x_gpio.o(.text)
    GPIO_AFIODeInit                          0x08000a7d   Thumb Code    22  stm32f10x_gpio.o(.text)
    GPIO_Init                                0x08000a93   Thumb Code   156  stm32f10x_gpio.o(.text)
    GPIO_StructInit                          0x08000b2f   Thumb Code    16  stm32f10x_gpio.o(.text)
    GPIO_ReadInputDataBit                    0x08000b3f   Thumb Code    14  stm32f10x_gpio.o(.text)
    GPIO_ReadInputData                       0x08000b4d   Thumb Code     6  stm32f10x_gpio.o(.text)
    GPIO_ReadOutputDataBit                   0x08000b53   Thumb Code    14  stm32f10x_gpio.o(.text)
    GPIO_ReadOutputData                      0x08000b61   Thumb Code     6  stm32f10x_gpio.o(.text)
    GPIO_SetBits                             0x08000b67   Thumb Code     4  stm32f10x_gpio.o(.text)
    GPIO_ResetBits                           0x08000b6b   Thumb Code     4  stm32f10x_gpio.o(.text)
    GPIO_WriteBit                            0x08000b6f   Thumb Code    10  stm32f10x_gpio.o(.text)
    GPIO_Write                               0x08000b79   Thumb Code     4  stm32f10x_gpio.o(.text)
    GPIO_PinLockConfig                       0x08000b7d   Thumb Code    16  stm32f10x_gpio.o(.text)
    GPIO_EventOutputConfig                   0x08000b8d   Thumb Code    22  stm32f10x_gpio.o(.text)
    GPIO_EventOutputCmd                      0x08000ba3   Thumb Code     6  stm32f10x_gpio.o(.text)
    GPIO_PinRemapConfig                      0x08000ba9   Thumb Code    82  stm32f10x_gpio.o(.text)
    GPIO_EXTILineConfig                      0x08000bfb   Thumb Code    34  stm32f10x_gpio.o(.text)
    GPIO_ETH_MediaInterfaceConfig            0x08000c1d   Thumb Code     8  stm32f10x_gpio.o(.text)
    RCC_DeInit                               0x08000c49   Thumb Code    50  stm32f10x_rcc.o(.text)
    RCC_HSEConfig                            0x08000c7b   Thumb Code    48  stm32f10x_rcc.o(.text)
    RCC_GetFlagStatus                        0x08000cab   Thumb Code    42  stm32f10x_rcc.o(.text)
    RCC_WaitForHSEStartUp                    0x08000cd5   Thumb Code    44  stm32f10x_rcc.o(.text)
    RCC_AdjustHSICalibrationValue            0x08000d01   Thumb Code    16  stm32f10x_rcc.o(.text)
    RCC_HSICmd                               0x08000d11   Thumb Code     6  stm32f10x_rcc.o(.text)
    RCC_PLLConfig                            0x08000d17   Thumb Code    16  stm32f10x_rcc.o(.text)
    RCC_PLLCmd                               0x08000d27   Thumb Code     6  stm32f10x_rcc.o(.text)
    RCC_SYSCLKConfig                         0x08000d2d   Thumb Code    14  stm32f10x_rcc.o(.text)
    RCC_GetSYSCLKSource                      0x08000d3b   Thumb Code    10  stm32f10x_rcc.o(.text)
    RCC_HCLKConfig                           0x08000d45   Thumb Code    14  stm32f10x_rcc.o(.text)
    RCC_PCLK1Config                          0x08000d53   Thumb Code    14  stm32f10x_rcc.o(.text)
    RCC_PCLK2Config                          0x08000d61   Thumb Code    16  stm32f10x_rcc.o(.text)
    RCC_ITConfig                             0x08000d71   Thumb Code    18  stm32f10x_rcc.o(.text)
    RCC_USBCLKConfig                         0x08000d83   Thumb Code     8  stm32f10x_rcc.o(.text)
    RCC_ADCCLKConfig                         0x08000d8b   Thumb Code    14  stm32f10x_rcc.o(.text)
    RCC_LSEConfig                            0x08000d99   Thumb Code    28  stm32f10x_rcc.o(.text)
    RCC_LSICmd                               0x08000db5   Thumb Code     6  stm32f10x_rcc.o(.text)
    RCC_RTCCLKConfig                         0x08000dbb   Thumb Code    10  stm32f10x_rcc.o(.text)
    RCC_RTCCLKCmd                            0x08000dc5   Thumb Code     8  stm32f10x_rcc.o(.text)
    RCC_GetClocksFreq                        0x08000dcd   Thumb Code   130  stm32f10x_rcc.o(.text)
    RCC_AHBPeriphClockCmd                    0x08000e4f   Thumb Code    18  stm32f10x_rcc.o(.text)
    RCC_APB2PeriphClockCmd                   0x08000e61   Thumb Code    18  stm32f10x_rcc.o(.text)
    RCC_APB1PeriphClockCmd                   0x08000e73   Thumb Code    18  stm32f10x_rcc.o(.text)
    RCC_APB2PeriphResetCmd                   0x08000e85   Thumb Code    18  stm32f10x_rcc.o(.text)
    RCC_APB1PeriphResetCmd                   0x08000e97   Thumb Code    18  stm32f10x_rcc.o(.text)
    RCC_BackupResetCmd                       0x08000ea9   Thumb Code     8  stm32f10x_rcc.o(.text)
    RCC_ClockSecuritySystemCmd               0x08000eb1   Thumb Code     6  stm32f10x_rcc.o(.text)
    RCC_MCOConfig                            0x08000eb7   Thumb Code     6  stm32f10x_rcc.o(.text)
    RCC_ClearFlag                            0x08000ebd   Thumb Code    12  stm32f10x_rcc.o(.text)
    RCC_GetITStatus                          0x08000ec9   Thumb Code    16  stm32f10x_rcc.o(.text)
    RCC_ClearITPendingBit                    0x08000ed9   Thumb Code     6  stm32f10x_rcc.o(.text)
    SPI_I2S_DeInit                           0x08000f01   Thumb Code    72  stm32f10x_spi.o(.text)
    SPI_Init                                 0x08000f49   Thumb Code    56  stm32f10x_spi.o(.text)
    I2S_Init                                 0x08000f81   Thumb Code   152  stm32f10x_spi.o(.text)
    SPI_StructInit                           0x08001019   Thumb Code    24  stm32f10x_spi.o(.text)
    I2S_StructInit                           0x08001031   Thumb Code    18  stm32f10x_spi.o(.text)
    SPI_Cmd                                  0x08001043   Thumb Code    20  stm32f10x_spi.o(.text)
    I2S_Cmd                                  0x08001057   Thumb Code    20  stm32f10x_spi.o(.text)
    SPI_I2S_ITConfig                         0x0800106b   Thumb Code    24  stm32f10x_spi.o(.text)
    SPI_I2S_DMACmd                           0x08001083   Thumb Code    16  stm32f10x_spi.o(.text)
    SPI_I2S_SendData                         0x08001093   Thumb Code     4  stm32f10x_spi.o(.text)
    SPI_I2S_ReceiveData                      0x08001097   Thumb Code     4  stm32f10x_spi.o(.text)
    SPI_NSSInternalSoftwareConfig            0x0800109b   Thumb Code    24  stm32f10x_spi.o(.text)
    SPI_SSOutputCmd                          0x080010b3   Thumb Code    20  stm32f10x_spi.o(.text)
    SPI_DataSizeConfig                       0x080010c7   Thumb Code    16  stm32f10x_spi.o(.text)
    SPI_TransmitCRC                          0x080010d7   Thumb Code    10  stm32f10x_spi.o(.text)
    SPI_CalculateCRC                         0x080010e1   Thumb Code    20  stm32f10x_spi.o(.text)
    SPI_GetCRC                               0x080010f5   Thumb Code    12  stm32f10x_spi.o(.text)
    SPI_GetCRCPolynomial                     0x08001101   Thumb Code     4  stm32f10x_spi.o(.text)
    SPI_BiDirectionalLineConfig              0x08001105   Thumb Code    22  stm32f10x_spi.o(.text)
    SPI_I2S_GetFlagStatus                    0x0800111b   Thumb Code    14  stm32f10x_spi.o(.text)
    SPI_I2S_ClearFlag                        0x08001129   Thumb Code     6  stm32f10x_spi.o(.text)
    SPI_I2S_GetITStatus                      0x0800112f   Thumb Code    42  stm32f10x_spi.o(.text)
    SPI_I2S_ClearITPendingBit                0x08001159   Thumb Code    14  stm32f10x_spi.o(.text)
    TIM_DeInit                               0x08001175   Thumb Code   304  stm32f10x_tim.o(.text)
    TIM_TimeBaseInit                         0x080012a5   Thumb Code   114  stm32f10x_tim.o(.text)
    TIM_OC1Init                              0x08001317   Thumb Code   106  stm32f10x_tim.o(.text)
    TIM_OC2Init                              0x08001381   Thumb Code   120  stm32f10x_tim.o(.text)
    TIM_OC3Init                              0x080013f9   Thumb Code   116  stm32f10x_tim.o(.text)
    TIM_OC4Init                              0x0800146d   Thumb Code    90  stm32f10x_tim.o(.text)
    TIM_SetIC4Prescaler                      0x080014c7   Thumb Code    24  stm32f10x_tim.o(.text)
    TIM_SetIC3Prescaler                      0x080014df   Thumb Code    16  stm32f10x_tim.o(.text)
    TIM_SetIC2Prescaler                      0x080014ef   Thumb Code    24  stm32f10x_tim.o(.text)
    TIM_SetIC1Prescaler                      0x080015ad   Thumb Code    16  stm32f10x_tim.o(.text)
    TIM_ICInit                               0x08001615   Thumb Code   272  stm32f10x_tim.o(.text)
    TIM_PWMIConfig                           0x08001725   Thumb Code   104  stm32f10x_tim.o(.text)
    TIM_BDTRConfig                           0x0800178d   Thumb Code    34  stm32f10x_tim.o(.text)
    TIM_TimeBaseStructInit                   0x080017af   Thumb Code    18  stm32f10x_tim.o(.text)
    TIM_OCStructInit                         0x080017c1   Thumb Code    20  stm32f10x_tim.o(.text)
    TIM_ICStructInit                         0x080017d5   Thumb Code    16  stm32f10x_tim.o(.text)
    TIM_BDTRStructInit                       0x080017e5   Thumb Code    18  stm32f10x_tim.o(.text)
    TIM_Cmd                                  0x080017f7   Thumb Code    20  stm32f10x_tim.o(.text)
    TIM_CtrlPWMOutputs                       0x0800180b   Thumb Code    22  stm32f10x_tim.o(.text)
    TIM_ITConfig                             0x08001821   Thumb Code    16  stm32f10x_tim.o(.text)
    TIM_GenerateEvent                        0x08001831   Thumb Code     4  stm32f10x_tim.o(.text)
    TIM_DMAConfig                            0x08001835   Thumb Code     8  stm32f10x_tim.o(.text)
    TIM_DMACmd                               0x0800183d   Thumb Code    16  stm32f10x_tim.o(.text)
    TIM_InternalClockConfig                  0x0800184d   Thumb Code    10  stm32f10x_tim.o(.text)
    TIM_SelectInputTrigger                   0x08001857   Thumb Code    12  stm32f10x_tim.o(.text)
    TIM_ITRxExternalClockConfig              0x08001863   Thumb Code    18  stm32f10x_tim.o(.text)
    TIM_TIxExternalClockConfig               0x08001875   Thumb Code    46  stm32f10x_tim.o(.text)
    TIM_ETRConfig                            0x080018a3   Thumb Code    24  stm32f10x_tim.o(.text)
    TIM_ETRClockMode1Config                  0x080018bb   Thumb Code    18  stm32f10x_tim.o(.text)
    TIM_ETRClockMode2Config                  0x080018cd   Thumb Code    18  stm32f10x_tim.o(.text)
    TIM_PrescalerConfig                      0x080018df   Thumb Code     6  stm32f10x_tim.o(.text)
    TIM_CounterModeConfig                    0x080018e5   Thumb Code    12  stm32f10x_tim.o(.text)
    TIM_EncoderInterfaceConfig               0x080018f1   Thumb Code    50  stm32f10x_tim.o(.text)
    TIM_ForcedOC1Config                      0x08001923   Thumb Code    12  stm32f10x_tim.o(.text)
    TIM_ForcedOC2Config                      0x0800192f   Thumb Code    20  stm32f10x_tim.o(.text)
    TIM_ForcedOC3Config                      0x08001943   Thumb Code    12  stm32f10x_tim.o(.text)
    TIM_ForcedOC4Config                      0x0800194f   Thumb Code    20  stm32f10x_tim.o(.text)
    TIM_ARRPreloadConfig                     0x08001963   Thumb Code    20  stm32f10x_tim.o(.text)
    TIM_SelectCOM                            0x08001977   Thumb Code    20  stm32f10x_tim.o(.text)
    TIM_SelectCCDMA                          0x0800198b   Thumb Code    20  stm32f10x_tim.o(.text)
    TIM_CCPreloadControl                     0x0800199f   Thumb Code    20  stm32f10x_tim.o(.text)
    TIM_OC1PreloadConfig                     0x080019b3   Thumb Code    34  stm32f10x_tim.o(.text)
    TIM_OC2PreloadConfig                     0x080019d5   Thumb Code    20  stm32f10x_tim.o(.text)
    TIM_OC3PreloadConfig                     0x080019e9   Thumb Code    12  stm32f10x_tim.o(.text)
    TIM_OC4PreloadConfig                     0x080019f5   Thumb Code    20  stm32f10x_tim.o(.text)
    TIM_OC1FastConfig                        0x08001a09   Thumb Code    12  stm32f10x_tim.o(.text)
    TIM_OC2FastConfig                        0x08001a15   Thumb Code    20  stm32f10x_tim.o(.text)
    TIM_OC3FastConfig                        0x08001a29   Thumb Code    12  stm32f10x_tim.o(.text)
    TIM_OC4FastConfig                        0x08001a35   Thumb Code    20  stm32f10x_tim.o(.text)
    TIM_ClearOC1Ref                          0x08001a49   Thumb Code    12  stm32f10x_tim.o(.text)
    TIM_ClearOC2Ref                          0x08001a55   Thumb Code    20  stm32f10x_tim.o(.text)
    TIM_ClearOC3Ref                          0x08001a69   Thumb Code    12  stm32f10x_tim.o(.text)
    TIM_ClearOC4Ref                          0x08001a75   Thumb Code    20  stm32f10x_tim.o(.text)
    TIM_OC1PolarityConfig                    0x08001a89   Thumb Code    12  stm32f10x_tim.o(.text)
    TIM_OC1NPolarityConfig                   0x08001a95   Thumb Code    12  stm32f10x_tim.o(.text)
    TIM_OC2PolarityConfig                    0x08001aa1   Thumb Code    20  stm32f10x_tim.o(.text)
    TIM_OC2NPolarityConfig                   0x08001ab5   Thumb Code    20  stm32f10x_tim.o(.text)
    TIM_OC3PolarityConfig                    0x08001ac9   Thumb Code    20  stm32f10x_tim.o(.text)
    TIM_OC3NPolarityConfig                   0x08001add   Thumb Code    20  stm32f10x_tim.o(.text)
    TIM_OC4PolarityConfig                    0x08001af1   Thumb Code    20  stm32f10x_tim.o(.text)
    TIM_CCxCmd                               0x08001b05   Thumb Code    22  stm32f10x_tim.o(.text)
    TIM_CCxNCmd                              0x08001b1b   Thumb Code    22  stm32f10x_tim.o(.text)
    TIM_SelectOCxM                           0x08001b31   Thumb Code    70  stm32f10x_tim.o(.text)
    TIM_UpdateDisableConfig                  0x08001b77   Thumb Code    20  stm32f10x_tim.o(.text)
    TIM_UpdateRequestConfig                  0x08001b8b   Thumb Code    20  stm32f10x_tim.o(.text)
    TIM_SelectHallSensor                     0x08001b9f   Thumb Code    20  stm32f10x_tim.o(.text)
    TIM_SelectOnePulseMode                   0x08001bb3   Thumb Code    16  stm32f10x_tim.o(.text)
    TIM_SelectOutputTrigger                  0x08001bc3   Thumb Code    16  stm32f10x_tim.o(.text)
    TIM_SelectSlaveMode                      0x08001bd3   Thumb Code    16  stm32f10x_tim.o(.text)
    TIM_SelectMasterSlaveMode                0x08001be3   Thumb Code    16  stm32f10x_tim.o(.text)
    TIM_SetCounter                           0x08001bf3   Thumb Code     4  stm32f10x_tim.o(.text)
    TIM_SetAutoreload                        0x08001bf7   Thumb Code     4  stm32f10x_tim.o(.text)
    TIM_SetCompare1                          0x08001bfb   Thumb Code     4  stm32f10x_tim.o(.text)
    TIM_SetCompare2                          0x08001bff   Thumb Code     4  stm32f10x_tim.o(.text)
    TIM_SetCompare3                          0x08001c03   Thumb Code     4  stm32f10x_tim.o(.text)
    TIM_SetCompare4                          0x08001c07   Thumb Code     6  stm32f10x_tim.o(.text)
    TIM_SetClockDivision                     0x08001c0d   Thumb Code    16  stm32f10x_tim.o(.text)
    TIM_GetCapture1                          0x08001c1d   Thumb Code     4  stm32f10x_tim.o(.text)
    TIM_GetCapture2                          0x08001c21   Thumb Code     4  stm32f10x_tim.o(.text)
    TIM_GetCapture3                          0x08001c25   Thumb Code     4  stm32f10x_tim.o(.text)
    TIM_GetCapture4                          0x08001c29   Thumb Code     6  stm32f10x_tim.o(.text)
    TIM_GetCounter                           0x08001c2f   Thumb Code     4  stm32f10x_tim.o(.text)
    TIM_GetPrescaler                         0x08001c33   Thumb Code     4  stm32f10x_tim.o(.text)
    TIM_GetFlagStatus                        0x08001c37   Thumb Code    14  stm32f10x_tim.o(.text)
    TIM_ClearFlag                            0x08001c45   Thumb Code     6  stm32f10x_tim.o(.text)
    TIM_GetITStatus                          0x08001c4b   Thumb Code    24  stm32f10x_tim.o(.text)
    TIM_ClearITPendingBit                    0x08001c63   Thumb Code     6  stm32f10x_tim.o(.text)
    USART_DeInit                             0x08001c69   Thumb Code    96  stm32f10x_usart.o(.text)
    USART_Init                               0x08001cc9   Thumb Code   176  stm32f10x_usart.o(.text)
    USART_StructInit                         0x08001d79   Thumb Code    22  stm32f10x_usart.o(.text)
    USART_ClockInit                          0x08001d8f   Thumb Code    30  stm32f10x_usart.o(.text)
    USART_ClockStructInit                    0x08001dad   Thumb Code    12  stm32f10x_usart.o(.text)
    USART_Cmd                                0x08001db9   Thumb Code    20  stm32f10x_usart.o(.text)
    USART_ITConfig                           0x08001dcd   Thumb Code    48  stm32f10x_usart.o(.text)
    USART_DMACmd                             0x08001dfd   Thumb Code    16  stm32f10x_usart.o(.text)
    USART_SetAddress                         0x08001e0d   Thumb Code    16  stm32f10x_usart.o(.text)
    USART_WakeUpConfig                       0x08001e1d   Thumb Code    16  stm32f10x_usart.o(.text)
    USART_ReceiverWakeUpCmd                  0x08001e2d   Thumb Code    20  stm32f10x_usart.o(.text)
    USART_LINBreakDetectLengthConfig         0x08001e41   Thumb Code    16  stm32f10x_usart.o(.text)
    USART_LINCmd                             0x08001e51   Thumb Code    20  stm32f10x_usart.o(.text)
    USART_SendData                           0x08001e65   Thumb Code     8  stm32f10x_usart.o(.text)
    USART_ReceiveData                        0x08001e6d   Thumb Code     8  stm32f10x_usart.o(.text)
    USART_SendBreak                          0x08001e75   Thumb Code    10  stm32f10x_usart.o(.text)
    USART_SetGuardTime                       0x08001e7f   Thumb Code    16  stm32f10x_usart.o(.text)
    USART_SetPrescaler                       0x08001e8f   Thumb Code    16  stm32f10x_usart.o(.text)
    USART_SmartCardCmd                       0x08001e9f   Thumb Code    20  stm32f10x_usart.o(.text)
    USART_SmartCardNACKCmd                   0x08001eb3   Thumb Code    20  stm32f10x_usart.o(.text)
    USART_HalfDuplexCmd                      0x08001ec7   Thumb Code    20  stm32f10x_usart.o(.text)
    USART_OverSampling8Cmd                   0x08001edb   Thumb Code    20  stm32f10x_usart.o(.text)
    USART_OneBitMethodCmd                    0x08001eef   Thumb Code    20  stm32f10x_usart.o(.text)
    USART_IrDAConfig                         0x08001f03   Thumb Code    16  stm32f10x_usart.o(.text)
    USART_IrDACmd                            0x08001f13   Thumb Code    20  stm32f10x_usart.o(.text)
    USART_GetFlagStatus                      0x08001f27   Thumb Code    14  stm32f10x_usart.o(.text)
    USART_ClearFlag                          0x08001f35   Thumb Code     6  stm32f10x_usart.o(.text)
    USART_GetITStatus                        0x08001f3b   Thumb Code    62  stm32f10x_usart.o(.text)
    USART_ClearITPendingBit                  0x08001f79   Thumb Code    12  stm32f10x_usart.o(.text)
    SystemInit                               0x08002039   Thumb Code    64  system_stm32f10x.o(.text)
    SystemCoreClockUpdate                    0x08002079   Thumb Code    86  system_stm32f10x.o(.text)
    Reset_Handler                            0x080020f1   Thumb Code     8  startup_stm32f10x_hd.o(.text)
    ADC1_2_IRQHandler                        0x0800210b   Thumb Code     0  startup_stm32f10x_hd.o(.text)
    ADC3_IRQHandler                          0x0800210b   Thumb Code     0  startup_stm32f10x_hd.o(.text)
    CAN1_RX1_IRQHandler                      0x0800210b   Thumb Code     0  startup_stm32f10x_hd.o(.text)
    CAN1_SCE_IRQHandler                      0x0800210b   Thumb Code     0  startup_stm32f10x_hd.o(.text)
    DMA1_Channel1_IRQHandler                 0x0800210b   Thumb Code     0  startup_stm32f10x_hd.o(.text)
    DMA1_Channel2_IRQHandler                 0x0800210b   Thumb Code     0  startup_stm32f10x_hd.o(.text)
    DMA1_Channel3_IRQHandler                 0x0800210b   Thumb Code     0  startup_stm32f10x_hd.o(.text)
    DMA1_Channel4_IRQHandler                 0x0800210b   Thumb Code     0  startup_stm32f10x_hd.o(.text)
    DMA1_Channel5_IRQHandler                 0x0800210b   Thumb Code     0  startup_stm32f10x_hd.o(.text)
    DMA1_Channel6_IRQHandler                 0x0800210b   Thumb Code     0  startup_stm32f10x_hd.o(.text)
    DMA1_Channel7_IRQHandler                 0x0800210b   Thumb Code     0  startup_stm32f10x_hd.o(.text)
    DMA2_Channel1_IRQHandler                 0x0800210b   Thumb Code     0  startup_stm32f10x_hd.o(.text)
    DMA2_Channel2_IRQHandler                 0x0800210b   Thumb Code     0  startup_stm32f10x_hd.o(.text)
    DMA2_Channel3_IRQHandler                 0x0800210b   Thumb Code     0  startup_stm32f10x_hd.o(.text)
    DMA2_Channel4_5_IRQHandler               0x0800210b   Thumb Code     0  startup_stm32f10x_hd.o(.text)
    EXTI0_IRQHandler                         0x0800210b   Thumb Code     0  startup_stm32f10x_hd.o(.text)
    EXTI15_10_IRQHandler                     0x0800210b   Thumb Code     0  startup_stm32f10x_hd.o(.text)
    EXTI1_IRQHandler                         0x0800210b   Thumb Code     0  startup_stm32f10x_hd.o(.text)
    EXTI2_IRQHandler                         0x0800210b   Thumb Code     0  startup_stm32f10x_hd.o(.text)
    EXTI3_IRQHandler                         0x0800210b   Thumb Code     0  startup_stm32f10x_hd.o(.text)
    EXTI4_IRQHandler                         0x0800210b   Thumb Code     0  startup_stm32f10x_hd.o(.text)
    EXTI9_5_IRQHandler                       0x0800210b   Thumb Code     0  startup_stm32f10x_hd.o(.text)
    FLASH_IRQHandler                         0x0800210b   Thumb Code     0  startup_stm32f10x_hd.o(.text)
    FSMC_IRQHandler                          0x0800210b   Thumb Code     0  startup_stm32f10x_hd.o(.text)
    I2C1_ER_IRQHandler                       0x0800210b   Thumb Code     0  startup_stm32f10x_hd.o(.text)
    I2C1_EV_IRQHandler                       0x0800210b   Thumb Code     0  startup_stm32f10x_hd.o(.text)
    I2C2_ER_IRQHandler                       0x0800210b   Thumb Code     0  startup_stm32f10x_hd.o(.text)
    I2C2_EV_IRQHandler                       0x0800210b   Thumb Code     0  startup_stm32f10x_hd.o(.text)
    PVD_IRQHandler                           0x0800210b   Thumb Code     0  startup_stm32f10x_hd.o(.text)
    RCC_IRQHandler                           0x0800210b   Thumb Code     0  startup_stm32f10x_hd.o(.text)
    RTCAlarm_IRQHandler                      0x0800210b   Thumb Code     0  startup_stm32f10x_hd.o(.text)
    RTC_IRQHandler                           0x0800210b   Thumb Code     0  startup_stm32f10x_hd.o(.text)
    SDIO_IRQHandler                          0x0800210b   Thumb Code     0  startup_stm32f10x_hd.o(.text)
    SPI1_IRQHandler                          0x0800210b   Thumb Code     0  startup_stm32f10x_hd.o(.text)
    SPI2_IRQHandler                          0x0800210b   Thumb Code     0  startup_stm32f10x_hd.o(.text)
    SPI3_IRQHandler                          0x0800210b   Thumb Code     0  startup_stm32f10x_hd.o(.text)
    TAMPER_IRQHandler                        0x0800210b   Thumb Code     0  startup_stm32f10x_hd.o(.text)
    TIM1_BRK_IRQHandler                      0x0800210b   Thumb Code     0  startup_stm32f10x_hd.o(.text)
    TIM1_CC_IRQHandler                       0x0800210b   Thumb Code     0  startup_stm32f10x_hd.o(.text)
    TIM1_TRG_COM_IRQHandler                  0x0800210b   Thumb Code     0  startup_stm32f10x_hd.o(.text)
    TIM1_UP_IRQHandler                       0x0800210b   Thumb Code     0  startup_stm32f10x_hd.o(.text)
    TIM2_IRQHandler                          0x0800210b   Thumb Code     0  startup_stm32f10x_hd.o(.text)
    TIM3_IRQHandler                          0x0800210b   Thumb Code     0  startup_stm32f10x_hd.o(.text)
    TIM5_IRQHandler                          0x0800210b   Thumb Code     0  startup_stm32f10x_hd.o(.text)
    TIM6_IRQHandler                          0x0800210b   Thumb Code     0  startup_stm32f10x_hd.o(.text)
    TIM7_IRQHandler                          0x0800210b   Thumb Code     0  startup_stm32f10x_hd.o(.text)
    TIM8_BRK_IRQHandler                      0x0800210b   Thumb Code     0  startup_stm32f10x_hd.o(.text)
    TIM8_CC_IRQHandler                       0x0800210b   Thumb Code     0  startup_stm32f10x_hd.o(.text)
    TIM8_TRG_COM_IRQHandler                  0x0800210b   Thumb Code     0  startup_stm32f10x_hd.o(.text)
    TIM8_UP_IRQHandler                       0x0800210b   Thumb Code     0  startup_stm32f10x_hd.o(.text)
    UART4_IRQHandler                         0x0800210b   Thumb Code     0  startup_stm32f10x_hd.o(.text)
    UART5_IRQHandler                         0x0800210b   Thumb Code     0  startup_stm32f10x_hd.o(.text)
    USART1_IRQHandler                        0x0800210b   Thumb Code     0  startup_stm32f10x_hd.o(.text)
    USART2_IRQHandler                        0x0800210b   Thumb Code     0  startup_stm32f10x_hd.o(.text)
    USART3_IRQHandler                        0x0800210b   Thumb Code     0  startup_stm32f10x_hd.o(.text)
    USBWakeUp_IRQHandler                     0x0800210b   Thumb Code     0  startup_stm32f10x_hd.o(.text)
    USB_HP_CAN1_TX_IRQHandler                0x0800210b   Thumb Code     0  startup_stm32f10x_hd.o(.text)
    USB_LP_CAN1_RX0_IRQHandler               0x0800210b   Thumb Code     0  startup_stm32f10x_hd.o(.text)
    WWDG_IRQHandler                          0x0800210b   Thumb Code     0  startup_stm32f10x_hd.o(.text)
    LED_Init                                 0x08002115   Thumb Code    54  led.o(.text)
    SysTick_Init                             0x08002155   Thumb Code    46  delay.o(.text)
    Delay_us                                 0x08002183   Thumb Code    16  delay.o(.text)
    TimingDelay_Decrement                    0x08002193   Thumb Code    16  delay.o(.text)
    KEY_Init                                 0x080021b5   Thumb Code    76  key.o(.text)
    KEY_Scan                                 0x08002201   Thumb Code   192  key.o(.text)
    USART1_Int                               0x080022cd   Thumb Code   130  usart.o(.text)
    fputc                                    0x0800234f   Thumb Code    30  usart.o(.text)
    LCD_WR_REG                               0x08002375   Thumb Code     6  lcd.o(.text)
    LCD_WR_DATA                              0x0800237b   Thumb Code     8  lcd.o(.text)
    LCD_RD_DATA                              0x08002383   Thumb Code     8  lcd.o(.text)
    LCD_WriteReg                             0x0800238b   Thumb Code    10  lcd.o(.text)
    LCD_ReadReg                              0x08002395   Thumb Code    20  lcd.o(.text)
    LCD_WriteRAM_Prepare                     0x080023a9   Thumb Code    10  lcd.o(.text)
    LCD_WriteRAM                             0x080023b3   Thumb Code     8  lcd.o(.text)
    LCD_BGR2RGB                              0x080023bb   Thumb Code    18  lcd.o(.text)
    opt_delay                                0x080023cd   Thumb Code    12  lcd.o(.text)
    LCD_SetCursor                            0x080023d9   Thumb Code   110  lcd.o(.text)
    LCD_ReadPoint                            0x08002447   Thumb Code   224  lcd.o(.text)
    LCD_DisplayOn                            0x08002527   Thumb Code    58  lcd.o(.text)
    LCD_DisplayOff                           0x08002561   Thumb Code    56  lcd.o(.text)
    LCD_Scan_Dir                             0x08002599   Thumb Code   318  lcd.o(.text)
    LCD_DrawPoint                            0x080026d7   Thumb Code    22  lcd.o(.text)
    LCD_Fast_DrawPoint                       0x080026ed   Thumb Code   132  lcd.o(.text)
    LCD_Display_Dir                          0x08002771   Thumb Code   326  lcd.o(.text)
    LCD_Set_Window                           0x080028b7   Thumb Code   206  lcd.o(.text)
    LCD_Clear                                0x08002985   Thumb Code    96  lcd.o(.text)
    LCD_Init                                 0x080029e5   Thumb Code  8914  lcd.o(.text)
    LCD_Fill                                 0x08004cb7   Thumb Code   132  lcd.o(.text)
    LCD_Color_Fill                           0x08004d3b   Thumb Code    84  lcd.o(.text)
    LCD_DrawLine                             0x08004d8f   Thumb Code   154  lcd.o(.text)
    LCD_DrawRectangle                        0x08004e29   Thumb Code    54  lcd.o(.text)
    Draw_Circle                              0x08004e5f   Thumb Code   176  lcd.o(.text)
    LCD_ShowChar                             0x08004f0f   Thumb Code   312  lcd.o(.text)
    LCD_Pow                                  0x08005047   Thumb Code    20  lcd.o(.text)
    LCD_ShowNum                              0x0800505b   Thumb Code   116  lcd.o(.text)
    LCD_ShowxNum                             0x080050cf   Thumb Code   132  lcd.o(.text)
    LCD_ShowString                           0x08005153   Thumb Code    84  lcd.o(.text)
    SPI2_ReadWriteByte                       0x080051b9   Thumb Code    76  spi.o(.text)
    SPI2_Init                                0x08005205   Thumb Code   138  spi.o(.text)
    SPI2_SetSpeed                            0x0800528f   Thumb Code    24  spi.o(.text)
    Remote_Init                              0x080052b1   Thumb Code   170  remote.o(.text)
    TIM4_IRQHandler                          0x0800535b   Thumb Code   238  remote.o(.text)
    Remote_Scan                              0x08005449   Thumb Code    62  remote.o(.text)
    NRF24L01_Init                            0x08005495   Thumb Code   214  24l01.o(.text)
    NRF24L01_Read_Buf                        0x0800556b   Thumb Code    64  24l01.o(.text)
    NRF24L01_Write_Buf                       0x080055ab   Thumb Code    62  24l01.o(.text)
    NRF24L01_Check                           0x080055e9   Thumb Code    68  24l01.o(.text)
    NRF24L01_Write_Reg                       0x0800562d   Thumb Code    42  24l01.o(.text)
    NRF24L01_Read_Reg                        0x08005657   Thumb Code    40  24l01.o(.text)
    NRF24L01_TxPacket                        0x0800567f   Thumb Code    96  24l01.o(.text)
    NRF24L01_RxPacket                        0x080056df   Thumb Code    56  24l01.o(.text)
    NRF24L01_RX_Mode                         0x08005717   Thumb Code    82  24l01.o(.text)
    NRF24L01_TX_Mode                         0x08005769   Thumb Code    94  24l01.o(.text)
    __aeabi_uldivmod                         0x080057e5   Thumb Code    98  uldiv.o(.text)
    __aeabi_llsr                             0x08005847   Thumb Code    32  llushr.o(.text)
    _ll_ushift_r                             0x08005847   Thumb Code     0  llushr.o(.text)
    __scatterload                            0x08005869   Thumb Code    28  init.o(.text)
    __scatterload_rt2                        0x08005869   Thumb Code     0  init.o(.text)
    __aeabi_llsl                             0x0800588d   Thumb Code    30  llshl.o(.text)
    _ll_shift_l                              0x0800588d   Thumb Code     0  llshl.o(.text)
    __0printf$5                              0x080058ad   Thumb Code    22  printf5.o(i.__0printf$5)
    __1printf$5                              0x080058ad   Thumb Code     0  printf5.o(i.__0printf$5)
    __2printf                                0x080058ad   Thumb Code     0  printf5.o(i.__0printf$5)
    __scatterload_copy                       0x080058cd   Thumb Code    14  handlers.o(i.__scatterload_copy)
    __scatterload_null                       0x080058db   Thumb Code     2  handlers.o(i.__scatterload_null)
    __scatterload_zeroinit                   0x080058dd   Thumb Code    14  handlers.o(i.__scatterload_zeroinit)
    asc2_1206                                0x08005bac   Data        1140  lcd.o(.constdata)
    asc2_1608                                0x08006020   Data        1520  lcd.o(.constdata)
    TX_ADDRESS                               0x08006610   Data           5  24l01.o(.constdata)
    RX_ADDRESS                               0x08006615   Data           5  24l01.o(.constdata)
    Region$$Table$$Base                      0x0800661c   Number         0  anon$$obj.o(Region$$Table)
    Region$$Table$$Limit                     0x0800663c   Number         0  anon$$obj.o(Region$$Table)
    SystemCoreClock                          0x20000014   Data           4  system_stm32f10x.o(.data)
    AHBPrescTable                            0x20000018   Data          16  system_stm32f10x.o(.data)
    POINT_COLOR                              0x2000002e   Data           2  lcd.o(.data)
    BACK_COLOR                               0x20000030   Data           2  lcd.o(.data)
    RmtSta                                   0x20000034   Data           1  remote.o(.data)
    RmtCnt                                   0x20000035   Data           1  remote.o(.data)
    Dval                                     0x20000036   Data           2  remote.o(.data)
    RmtRec                                   0x20000038   Data           4  remote.o(.data)
    __stdout                                 0x2000003c   Data           4  stdout.o(.data)
    lcddev                                   0x20000040   Data          14  lcd.o(.bss)
    __initial_sp                             0x20000450   Data           0  startup_stm32f10x_hd.o(STACK)



==============================================================================

Memory Map of the image

  Image Entry point : 0x08000131

  Load Region LR_IROM1 (Base: 0x08000000, Size: 0x0000667c, Max: 0x00080000, ABSOLUTE)

    Execution Region ER_IROM1 (Base: 0x08000000, Size: 0x0000663c, Max: 0x00080000, ABSOLUTE)

    Base Addr    Size         Type   Attr      Idx    E Section Name        Object

    0x08000000   0x00000130   Data   RO          483    RESET               startup_stm32f10x_hd.o
    0x08000130   0x00000000   Code   RO          734  * .ARM.Collect$$$$00000000  mc_w.l(entry.o)
    0x08000130   0x00000004   Code   RO         1004    .ARM.Collect$$$$00000001  mc_w.l(entry2.o)
    0x08000134   0x00000004   Code   RO         1007    .ARM.Collect$$$$00000004  mc_w.l(entry5.o)
    0x08000138   0x00000000   Code   RO         1009    .ARM.Collect$$$$00000008  mc_w.l(entry7b.o)
    0x08000138   0x00000000   Code   RO         1011    .ARM.Collect$$$$0000000A  mc_w.l(entry8b.o)
    0x08000138   0x00000008   Code   RO         1012    .ARM.Collect$$$$0000000B  mc_w.l(entry9a.o)
    0x08000140   0x00000000   Code   RO         1014    .ARM.Collect$$$$0000000D  mc_w.l(entry10a.o)
    0x08000140   0x00000000   Code   RO         1016    .ARM.Collect$$$$0000000F  mc_w.l(entry11a.o)
    0x08000140   0x00000004   Code   RO         1005    .ARM.Collect$$$$00002712  mc_w.l(entry2.o)
    0x08000144   0x00000378   Code   RO            1    .text               main.o
    0x080004bc   0x00000014   Code   RO          156    .text               stm32f10x_it.o
    0x080004d0   0x000000b0   Code   RO          171    .text               misc.o
    0x08000580   0x00000462   Code   RO          304    .text               stm32f10x_fsmc.o
    0x080009e2   0x00000002   PAD
    0x080009e4   0x00000264   Code   RO          316    .text               stm32f10x_gpio.o
    0x08000c48   0x000002b8   Code   RO          364    .text               stm32f10x_rcc.o
    0x08000f00   0x00000274   Code   RO          403    .text               stm32f10x_spi.o
    0x08001174   0x00000af4   Code   RO          415    .text               stm32f10x_tim.o
    0x08001c68   0x00000330   Code   RO          428    .text               stm32f10x_usart.o
    0x08001f98   0x00000158   Code   RO          463    .text               system_stm32f10x.o
    0x080020f0   0x00000024   Code   RO          484    .text               startup_stm32f10x_hd.o
    0x08002114   0x00000040   Code   RO          488    .text               led.o
    0x08002154   0x00000060   Code   RO          500    .text               delay.o
    0x080021b4   0x00000118   Code   RO          521    .text               key.o
    0x080022cc   0x000000a8   Code   RO          558    .text               usart.o
    0x08002374   0x00002e44   Code   RO          585    .text               lcd.o
    0x080051b8   0x000000f8   Code   RO          663    .text               spi.o
    0x080052b0   0x000001e4   Code   RO          687    .text               remote.o
    0x08005494   0x00000350   Code   RO          718    .text               24l01.o
    0x080057e4   0x00000062   Code   RO         1021    .text               mc_w.l(uldiv.o)
    0x08005846   0x00000020   Code   RO         1023    .text               mc_w.l(llushr.o)
    0x08005866   0x00000002   PAD
    0x08005868   0x00000024   Code   RO         1036    .text               mc_w.l(init.o)
    0x0800588c   0x0000001e   Code   RO         1038    .text               mc_w.l(llshl.o)
    0x080058aa   0x00000002   PAD
    0x080058ac   0x00000020   Code   RO          870    i.__0printf$5       mc_w.l(printf5.o)
    0x080058cc   0x0000000e   Code   RO         1044    i.__scatterload_copy  mc_w.l(handlers.o)
    0x080058da   0x00000002   Code   RO         1045    i.__scatterload_null  mc_w.l(handlers.o)
    0x080058dc   0x0000000e   Code   RO         1046    i.__scatterload_zeroinit  mc_w.l(handlers.o)
    0x080058ea   0x00000002   PAD
    0x080058ec   0x000002c0   Code   RO          877    i._printf_core      mc_w.l(printf5.o)
    0x08005bac   0x00000a64   Data   RO          587    .constdata          lcd.o
    0x08006610   0x0000000a   Data   RO          719    .constdata          24l01.o
    0x0800661a   0x00000002   PAD
    0x0800661c   0x00000020   Data   RO         1042    Region$$Table       anon$$obj.o


    Execution Region RW_IRAM1 (Base: 0x20000000, Size: 0x00000450, Max: 0x00010000, ABSOLUTE)

    Base Addr    Size         Type   Attr      Idx    E Section Name        Object

    0x20000000   0x00000014   Data   RW          365    .data               stm32f10x_rcc.o
    0x20000014   0x00000014   Data   RW          464    .data               system_stm32f10x.o
    0x20000028   0x00000004   Data   RW          501    .data               delay.o
    0x2000002c   0x00000001   Data   RW          522    .data               key.o
    0x2000002d   0x00000001   PAD
    0x2000002e   0x00000004   Data   RW          588    .data               lcd.o
    0x20000032   0x00000002   PAD
    0x20000034   0x00000008   Data   RW          688    .data               remote.o
    0x2000003c   0x00000004   Data   RW         1018    .data               mc_w.l(stdout.o)
    0x20000040   0x0000000e   Zero   RW          586    .bss                lcd.o
    0x2000004e   0x00000002   PAD
    0x20000050   0x00000400   Zero   RW          481    STACK               startup_stm32f10x_hd.o


==============================================================================

Image component sizes


      Code (inc. data)   RO Data    RW Data    ZI Data      Debug   Object Name

       848         30         10          0          0       3613   24l01.o
         0          0          0          0          0         32   core_cm3.o
        96         18          0          4          0      16561   delay.o
       280         12          0          1          0        924   key.o
     11844        144       2660          4         14      18241   lcd.o
        64         10          0          0          0        499   led.o
       888        278          0          0          0     269463   main.o
       176         18          0          0          0       1689   misc.o
       484         14          0          8          0       1730   remote.o
       248         10          0          0          0       1045   spi.o
        36          8        304          0       1024        796   startup_stm32f10x_hd.o
      1122          8          0          0          0       5067   stm32f10x_fsmc.o
       612         36          0          0          0       4953   stm32f10x_gpio.o
        20          0          0          0          0       1254   stm32f10x_it.o
       696         34          0         20          0       8112   stm32f10x_rcc.o
       628         14          0          0          0       5774   stm32f10x_spi.o
      2804         86          0          0          0      18170   stm32f10x_tim.o
       816         20          0          0          0       7296   stm32f10x_usart.o
       344         34          0         20          0       1899   system_stm32f10x.o
       168          8          0          0          0        819   usart.o

    ----------------------------------------------------------------------
     22176        782       3008         60       1040     367937   Object Totals
         0          0         32          0          0          0   (incl. Generated)
         2          0          2          3          2          0   (incl. Padding)

    ----------------------------------------------------------------------

      Code (inc. data)   RO Data    RW Data    ZI Data      Debug   Library Member Name

         0          0          0          0          0          0   entry.o
         0          0          0          0          0          0   entry10a.o
         0          0          0          0          0          0   entry11a.o
         8          4          0          0          0          0   entry2.o
         4          0          0          0          0          0   entry5.o
         0          0          0          0          0          0   entry7b.o
         0          0          0          0          0          0   entry8b.o
         8          4          0          0          0          0   entry9a.o
        30          0          0          0          0          0   handlers.o
        36          8          0          0          0         68   init.o
        30          0          0          0          0         68   llshl.o
        32          0          0          0          0         68   llushr.o
       736         56          0          0          0        184   printf5.o
         0          0          0          4          0          0   stdout.o
        98          0          0          0          0         92   uldiv.o

    ----------------------------------------------------------------------
       988         72          0          4          0        480   Library Totals
         6          0          0          0          0          0   (incl. Padding)

    ----------------------------------------------------------------------

      Code (inc. data)   RO Data    RW Data    ZI Data      Debug   Library Name

       982         72          0          4          0        480   mc_w.l

    ----------------------------------------------------------------------
       988         72          0          4          0        480   Library Totals

    ----------------------------------------------------------------------

==============================================================================


      Code (inc. data)   RO Data    RW Data    ZI Data      Debug   

     23164        854       3008         64       1040     365869   Grand Totals
     23164        854       3008         64       1040     365869   ELF Image Totals
     23164        854       3008         64          0          0   ROM Totals

==============================================================================

    Total RO  Size (Code + RO Data)                26172 (  25.56kB)
    Total RW  Size (RW Data + ZI Data)              1104 (   1.08kB)
    Total ROM Size (Code + RO Data + RW Data)      26236 (  25.62kB)

==============================================================================

